Component: ARM Compiler 5.06 update 1 (build 61) Tool: armlink [4d35a8]

==============================================================================

Section Cross References

    basei2c.o(i.Init_I2C) refers to i2c_lpc17xx.o(.constdata) for Driver_I2C2
    basei2c.o(i.Init_UART) refers to uart_lpc17xx.o(.constdata) for Driver_USART1
    basei2c.o(i.Init_UART) refers to basei2c.o(i.event_UART) for event_UART
    basei2c.o(i.Init_WiFi) refers to basei2c.o(i.sendCommand) for sendCommand
    basei2c.o(i.Thread1) refers to _printf_pad.o(.text) for _printf_pre_padding
    basei2c.o(i.Thread1) refers to _printf_percent.o(.ARM.Collect$$_printf_percent$$00000000) for _printf_percent
    basei2c.o(i.Thread1) refers to _printf_d.o(.ARM.Collect$$_printf_percent$$00000009) for _printf_d
    basei2c.o(i.Thread1) refers to _printf_dec.o(.text) for _printf_int_dec
    basei2c.o(i.Thread1) refers to basei2c.o(i.Init_WiFi) for Init_WiFi
    basei2c.o(i.Thread1) refers to noretval__2sprintf.o(.text) for __2sprintf
    basei2c.o(i.Thread1) refers to basei2c.o(i.sendCommand) for sendCommand
    basei2c.o(i.Thread1) refers to i2c_lpc17xx.o(.constdata) for Driver_I2C2
    basei2c.o(i.Thread1) refers to basei2c.o(.data) for DeviceAddr
    basei2c.o(i.Thread1) refers to basei2c.o(.bss) for chaine
    basei2c.o(i.Thread_R) refers to rt_cmsis.o(i.osSignalWait) for osSignalWait
    basei2c.o(i.Thread_R) refers to glcd_mcb1700.o(i.GLCD_DrawString) for GLCD_DrawString
    basei2c.o(i.Thread_R) refers to glcd_mcb1700.o(i.GLCD_ClearScreen) for GLCD_ClearScreen
    basei2c.o(i.Thread_R) refers to rt_cmsis.o(i.osDelay) for osDelay
    basei2c.o(i.Thread_R) refers to uart_lpc17xx.o(.constdata) for Driver_USART1
    basei2c.o(i.event_UART) refers to rt_cmsis.o(i.osSignalSet) for osSignalSet
    basei2c.o(i.event_UART) refers to basei2c.o(.data) for tid_Thread_R
    basei2c.o(i.main) refers to rt_cmsis.o(i.osKernelInitialize) for osKernelInitialize
    basei2c.o(i.main) refers to basei2c.o(i.Init_I2C) for Init_I2C
    basei2c.o(i.main) refers to basei2c.o(i.Init_UART) for Init_UART
    basei2c.o(i.main) refers to glcd_mcb1700.o(i.GLCD_Initialize) for GLCD_Initialize
    basei2c.o(i.main) refers to glcd_mcb1700.o(i.GLCD_ClearScreen) for GLCD_ClearScreen
    basei2c.o(i.main) refers to glcd_mcb1700.o(i.GLCD_SetFont) for GLCD_SetFont
    basei2c.o(i.main) refers to basei2c.o(i.write1byte) for write1byte
    basei2c.o(i.main) refers to rt_cmsis.o(i.osThreadCreate) for osThreadCreate
    basei2c.o(i.main) refers to rt_cmsis.o(i.osKernelStart) for osKernelStart
    basei2c.o(i.main) refers to rt_cmsis.o(i.osDelay) for osDelay
    basei2c.o(i.main) refers to glcd_fonts.o(.constdata) for GLCD_Font_6x8
    basei2c.o(i.main) refers to basei2c.o(.data) for DeviceAddr
    basei2c.o(i.main) refers to basei2c.o(.constdata) for os_thread_def_Thread1
    basei2c.o(i.sendCommand) refers to strlen.o(.text) for strlen
    basei2c.o(i.sendCommand) refers to rt_cmsis.o(i.osSignalWait) for osSignalWait
    basei2c.o(i.sendCommand) refers to rt_cmsis.o(i.osDelay) for osDelay
    basei2c.o(i.sendCommand) refers to uart_lpc17xx.o(.constdata) for Driver_USART1
    basei2c.o(i.write1byte) refers to i2c_lpc17xx.o(.constdata) for Driver_I2C2
    basei2c.o(.constdata) refers to basei2c.o(i.Thread1) for Thread1
    basei2c.o(.constdata) refers to basei2c.o(i.Thread_R) for Thread_R
    basei2c.o(.constdata) refers to basei2c.o(.bss) for os_mutex_cb_SampleMutex
    glcd_mcb1700.o(i.GLCD_ClearScreen) refers to glcd_mcb1700.o(i.GLCD_WindowMax) for GLCD_WindowMax
    glcd_mcb1700.o(i.GLCD_ClearScreen) refers to glcd_mcb1700.o(i.wr_cmd) for wr_cmd
    glcd_mcb1700.o(i.GLCD_ClearScreen) refers to glcd_mcb1700.o(i.wr_dat_start) for wr_dat_start
    glcd_mcb1700.o(i.GLCD_ClearScreen) refers to glcd_mcb1700.o(i.wr_dat_only) for wr_dat_only
    glcd_mcb1700.o(i.GLCD_ClearScreen) refers to glcd_mcb1700.o(i.wr_dat_stop) for wr_dat_stop
    glcd_mcb1700.o(i.GLCD_ClearScreen) refers to glcd_mcb1700.o(.data) for background_color
    glcd_mcb1700.o(i.GLCD_DrawBargraph) refers to glcd_mcb1700.o(i.GLCD_SetWindow) for GLCD_SetWindow
    glcd_mcb1700.o(i.GLCD_DrawBargraph) refers to glcd_mcb1700.o(i.wr_cmd) for wr_cmd
    glcd_mcb1700.o(i.GLCD_DrawBargraph) refers to glcd_mcb1700.o(i.wr_dat_start) for wr_dat_start
    glcd_mcb1700.o(i.GLCD_DrawBargraph) refers to glcd_mcb1700.o(i.wr_dat_only) for wr_dat_only
    glcd_mcb1700.o(i.GLCD_DrawBargraph) refers to glcd_mcb1700.o(i.wr_dat_stop) for wr_dat_stop
    glcd_mcb1700.o(i.GLCD_DrawBargraph) refers to glcd_mcb1700.o(.data) for background_color
    glcd_mcb1700.o(i.GLCD_DrawBitmap) refers to glcd_mcb1700.o(i.GLCD_SetWindow) for GLCD_SetWindow
    glcd_mcb1700.o(i.GLCD_DrawBitmap) refers to glcd_mcb1700.o(i.wr_cmd) for wr_cmd
    glcd_mcb1700.o(i.GLCD_DrawBitmap) refers to glcd_mcb1700.o(i.wr_dat_start) for wr_dat_start
[...]
    i.osTimerThread                          0x00004f20   Section        0  rt_cmsis.o(i.osTimerThread)
    i.os_error                               0x00004f4c   Section        0  rtx_conf_cm.o(i.os_error)
    i.os_idle_demon                          0x00004f6e   Section        0  rtx_conf_cm.o(i.os_idle_demon)
    i.os_tick_init                           0x00004f74   Section        0  rt_system.o(i.os_tick_init)
    i.os_tick_irqack                         0x00004f9c   Section        0  rt_system.o(i.os_tick_irqack)
    i.rd_dat                                 0x00004fa0   Section        0  glcd_mcb1700.o(i.rd_dat)
    rd_dat                                   0x00004fa1   Thumb Code    64  glcd_mcb1700.o(i.rd_dat)
    i.rd_id_man                              0x00004fe4   Section        0  glcd_mcb1700.o(i.rd_id_man)
    rd_id_man                                0x00004fe5   Thumb Code   196  glcd_mcb1700.o(i.rd_id_man)
    i.rd_reg                                 0x000050ac   Section        0  glcd_mcb1700.o(i.rd_reg)
    rd_reg                                   0x000050ad   Thumb Code    16  glcd_mcb1700.o(i.rd_reg)
    i.rt_alloc_box                           0x000050bc   Section        0  rt_membox.o(i.rt_alloc_box)
    i.rt_alloc_mem                           0x000050d6   Section        0  rt_memory.o(i.rt_alloc_mem)
    i.rt_block                               0x00005114   Section        0  rt_task.o(i.rt_block)
    i.rt_chk_robin                           0x0000514c   Section        0  rt_robin.o(i.rt_chk_robin)
    i.rt_dec_dly                             0x00005194   Section        0  rt_list.o(i.rt_dec_dly)
    i.rt_dispatch                            0x00005204   Section        0  rt_task.o(i.rt_dispatch)
    i.rt_dly_wait                            0x00005248   Section        0  rt_time.o(i.rt_dly_wait)
    i.rt_evt_psh                             0x00005250   Section        0  rt_event.o(i.rt_evt_psh)
    i.rt_evt_set                             0x000052a0   Section        0  rt_event.o(i.rt_evt_set)
    i.rt_evt_wait                            0x000052fc   Section        0  rt_event.o(i.rt_evt_wait)
    i.rt_free_box                            0x00005338   Section        0  rt_membox.o(i.rt_free_box)
    i.rt_free_mem                            0x00005364   Section        0  rt_memory.o(i.rt_free_mem)
    i.rt_get_first                           0x0000538c   Section        0  rt_list.o(i.rt_get_first)
    i.rt_id2obj                              0x000053b4   Section        0  rt_cmsis.o(i.rt_id2obj)
    rt_id2obj                                0x000053b5   Thumb Code     8  rt_cmsis.o(i.rt_id2obj)
    i.rt_init_context                        0x000053bc   Section        0  rt_task.o(i.rt_init_context)
    rt_init_context                          0x000053bd   Thumb Code    66  rt_task.o(i.rt_init_context)
    i.rt_init_mem                            0x00005404   Section        0  rt_memory.o(i.rt_init_mem)
    i.rt_init_robin                          0x00005420   Section        0  rt_robin.o(i.rt_init_robin)
    i.rt_init_stack                          0x00005438   Section        0  hal_cm.o(i.rt_init_stack)
    i.rt_mbx_check                           0x000054b8   Section        0  rt_mailbox.o(i.rt_mbx_check)
    i.rt_mbx_init                            0x000054c0   Section        0  rt_mailbox.o(i.rt_mbx_init)
    i.rt_mbx_psh                             0x000054dc   Section        0  rt_mailbox.o(i.rt_mbx_psh)
    i.rt_mbx_wait                            0x000055cc   Section        0  rt_mailbox.o(i.rt_mbx_wait)
    i.rt_ms2tick                             0x00005680   Section        0  rt_cmsis.o(i.rt_ms2tick)
    rt_ms2tick                               0x00005681   Thumb Code    58  rt_cmsis.o(i.rt_ms2tick)
    i.rt_mut_release                         0x000056c4   Section        0  rt_mutex.o(i.rt_mut_release)
    i.rt_mut_wait                            0x0000579c   Section        0  rt_mutex.o(i.rt_mut_wait)
    i.rt_pop_req                             0x00005814   Section        0  rt_system.o(i.rt_pop_req)
    i.rt_psh_req                             0x00005890   Section        0  rt_system.o(i.rt_psh_req)
    i.rt_psq_enq                             0x000058b0   Section        0  rt_list.o(i.rt_psq_enq)
    i.rt_put_dly                             0x0000590c   Section        0  rt_list.o(i.rt_put_dly)
    i.rt_put_prio                            0x00005954   Section        0  rt_list.o(i.rt_put_prio)
    i.rt_put_rdy_first                       0x0000598c   Section        0  rt_list.o(i.rt_put_rdy_first)
    i.rt_resort_prio                         0x000059a0   Section        0  rt_list.o(i.rt_resort_prio)
    i.rt_ret_val                             0x000059d4   Section        0  hal_cm.o(i.rt_ret_val)
    i.rt_ret_val2                            0x000059da   Section        0  hal_cm.o(i.rt_ret_val2)
    i.rt_rmv_dly                             0x000059e2   Section        0  rt_list.o(i.rt_rmv_dly)
    i.rt_rmv_list                            0x00005a0c   Section        0  rt_list.o(i.rt_rmv_list)
    i.rt_sem_psh                             0x00005a3c   Section        0  rt_semaphore.o(i.rt_sem_psh)
    i.rt_stk_check                           0x00005a70   Section        0  rt_system.o(i.rt_stk_check)
    i.rt_switch_req                          0x00005a94   Section        0  rt_task.o(i.rt_switch_req)
    i.rt_sys_init                            0x00005abc   Section        0  rt_task.o(i.rt_sys_init)
    i.rt_sys_start                           0x00005b88   Section        0  rt_task.o(i.rt_sys_start)
    i.rt_systick                             0x00005c00   Section        0  rt_system.o(i.rt_systick)
    i.rt_tid2ptcb                            0x00005c40   Section        0  rt_cmsis.o(i.rt_tid2ptcb)
    rt_tid2ptcb                              0x00005c41   Thumb Code    18  rt_cmsis.o(i.rt_tid2ptcb)
    i.rt_timer_insert                        0x00005c54   Section        0  rt_cmsis.o(i.rt_timer_insert)
    rt_timer_insert                          0x00005c55   Thumb Code    48  rt_cmsis.o(i.rt_timer_insert)
    i.rt_tsk_create                          0x00005c88   Section        0  rt_task.o(i.rt_tsk_create)
    i.rt_tsk_delete                          0x00005d10   Section        0  rt_task.o(i.rt_tsk_delete)
    i.rt_tsk_prio                            0x00005e8c   Section        0  rt_task.o(i.rt_tsk_prio)
    i.rt_tsk_self                            0x00005f08   Section        0  rt_task.o(i.rt_tsk_self)
    i.sendCommand                            0x00005f18   Section        0  basei2c.o(i.sendCommand)
    i.spi_tran                               0x00005f4c   Section        0  glcd_mcb1700.o(i.spi_tran)
    spi_tran                                 0x00005f4d   Thumb Code    40  glcd_mcb1700.o(i.spi_tran)
    i.spi_tran_man                           0x00005f78   Section        0  glcd_mcb1700.o(i.spi_tran_man)
    spi_tran_man                             0x00005f79   Thumb Code   132  glcd_mcb1700.o(i.spi_tran_man)
    i.svcDelay                               0x00006000   Section        0  rt_cmsis.o(i.svcDelay)
    i.svcKernelInitialize                    0x00006014   Section        0  rt_cmsis.o(i.svcKernelInitialize)
    i.svcKernelStart                         0x00006084   Section        0  rt_cmsis.o(i.svcKernelStart)
    i.svcMessageCreate                       0x000060cc   Section        0  rt_cmsis.o(i.svcMessageCreate)
    i.svcMessageGet                          0x000060f0   Section        0  rt_cmsis.o(i.svcMessageGet)
    i.svcSignalSet                           0x0000612a   Section        0  rt_cmsis.o(i.svcSignalSet)
    i.svcSignalWait                          0x00006150   Section        0  rt_cmsis.o(i.svcSignalWait)
    i.svcThreadCreate                        0x000061a4   Section        0  rt_cmsis.o(i.svcThreadCreate)
    i.svcThreadGetId                         0x00006210   Section        0  rt_cmsis.o(i.svcThreadGetId)
    i.svcThreadTerminate                     0x0000622c   Section        0  rt_cmsis.o(i.svcThreadTerminate)
    i.svcTimerCall                           0x00006264   Section        0  rt_cmsis.o(i.svcTimerCall)
    i.sysTimerTick                           0x0000627c   Section        0  rt_cmsis.o(i.sysTimerTick)
    i.wr_cmd                                 0x000062d8   Section        0  glcd_mcb1700.o(i.wr_cmd)
    wr_cmd                                   0x000062d9   Thumb Code    70  glcd_mcb1700.o(i.wr_cmd)
    i.wr_dat_only                            0x00006324   Section        0  glcd_mcb1700.o(i.wr_dat_only)
    wr_dat_only                              0x00006325   Thumb Code    46  glcd_mcb1700.o(i.wr_dat_only)
    i.wr_dat_start                           0x00006358   Section        0  glcd_mcb1700.o(i.wr_dat_start)
    wr_dat_start                             0x00006359   Thumb Code    20  glcd_mcb1700.o(i.wr_dat_start)
    i.wr_dat_stop                            0x00006370   Section        0  glcd_mcb1700.o(i.wr_dat_stop)
    wr_dat_stop                              0x00006371   Thumb Code    14  glcd_mcb1700.o(i.wr_dat_stop)
    i.wr_reg                                 0x00006384   Section        0  glcd_mcb1700.o(i.wr_reg)
    wr_reg                                   0x00006385   Thumb Code   140  glcd_mcb1700.o(i.wr_reg)
    i.write1byte                             0x00006414   Section        0  basei2c.o(i.write1byte)
    .constdata                               0x00006450   Section       36  basei2c.o(.constdata)
    .constdata                               0x00006474   Section     6304  glcd_fonts.o(.constdata)
    Font_6x8_h                               0x00006474   Data         896  glcd_fonts.o(.constdata)
    Font_16x24_h                             0x000067f4   Data        5376  glcd_fonts.o(.constdata)
    .constdata                               0x00007d14   Section      104  rtx_conf_cm.o(.constdata)
    __tagsym$$used                           0x00007d30   Number         0  rtx_conf_cm.o(.constdata)
    __tagsym$$used                           0x00007d34   Number         0  rtx_conf_cm.o(.constdata)
    __tagsym$$used                           0x00007d38   Number         0  rtx_conf_cm.o(.constdata)
    __tagsym$$used                           0x00007d3c   Number         0  rtx_conf_cm.o(.constdata)
    .constdata                               0x00007d7c   Section      100  i2c_lpc17xx.o(.constdata)
    DriverVersion                            0x00007d7c   Data           4  i2c_lpc17xx.o(.constdata)
    DriverCapabilities                       0x00007d80   Data           4  i2c_lpc17xx.o(.constdata)
    I2C2_Resources                           0x00007d84   Data          44  i2c_lpc17xx.o(.constdata)
    .constdata                               0x00007de0   Section      124  ssp_lpc17xx.o(.constdata)
    DriverVersion                            0x00007de0   Data           4  ssp_lpc17xx.o(.constdata)
    DriverCapabilities                       0x00007de4   Data           4  ssp_lpc17xx.o(.constdata)
    SSP1_Resources                           0x00007de8   Data          72  ssp_lpc17xx.o(.constdata)
    .constdata                               0x00007e5c   Section      464  uart_lpc17xx.o(.constdata)
    usart_driver_version                     0x00007e5c   Data           4  uart_lpc17xx.o(.constdata)
    fract_div_lookup_table                   0x00007e60   Data         288  uart_lpc17xx.o(.constdata)
    USART1_DMA_Tx                            0x00007f80   Data           8  uart_lpc17xx.o(.constdata)
    USART1_DMA_Rx                            0x00007f88   Data           8  uart_lpc17xx.o(.constdata)
    USART1_Resources                         0x00007f90   Data         100  uart_lpc17xx.o(.constdata)
    .constdata                               0x0000802c   Section       17  __printf_flags_wp.o(.constdata)
    maptable                                 0x0000802c   Data          17  __printf_flags_wp.o(.constdata)
    .data                                    0x10000000   Section       20  basei2c.o(.data)
    .data                                    0x10000014   Section       17  glcd_mcb1700.o(.data)
    spi1_pins                                0x10000014   Data           8  glcd_mcb1700.o(.data)
    foreground_color                         0x1000001c   Data           2  glcd_mcb1700.o(.data)
    background_color                         0x1000001e   Data           2  glcd_mcb1700.o(.data)
    active_font                              0x10000020   Data           4  glcd_mcb1700.o(.data)
    Himax                                    0x10000024   Data           1  glcd_mcb1700.o(.data)
    .data                                    0x10000028   Section       20  rtx_conf_cm.o(.data)
    nr_mutex                                 0x10000038   Data           4  rtx_conf_cm.o(.data)
    .data                                    0x1000003c   Section        4  i2c_lpc17xx.o(.data)
    .data                                    0x10000040   Section       16  ssp_lpc17xx.o(.data)
    SSP1_pin_sck                             0x10000040   Data           2  ssp_lpc17xx.o(.data)
    SSP1_pin_miso                            0x10000042   Data           2  ssp_lpc17xx.o(.data)
    SSP1_pin_mosi                            0x10000044   Data           2  ssp_lpc17xx.o(.data)
    SSP1_pin_ssel                            0x10000046   Data           2  ssp_lpc17xx.o(.data)
    dummy_data                               0x10000048   Data           4  ssp_lpc17xx.o(.data)
    dummy_data                               0x1000004c   Data           4  ssp_lpc17xx.o(.data)
    .data                                    0x10000050   Section        4  uart_lpc17xx.o(.data)
    USART1_pin_tx                            0x10000050   Data           2  uart_lpc17xx.o(.data)
    USART1_pin_rx                            0x10000052   Data           2  uart_lpc17xx.o(.data)
    .data                                    0x10000054   Section        8  gpdma_lpc17xx.o(.data)
    Channel_active                           0x10000054   Data           4  gpdma_lpc17xx.o(.data)
    Init_cnt                                 0x10000058   Data           4  gpdma_lpc17xx.o(.data)
    .data                                    0x1000005c   Section        4  system_lpc17xx.o(.data)
    .data                                    0x10000060   Section        8  rt_cmsis.o(.data)
    .data                                    0x10000068   Section        8  rt_task.o(.data)
    .data                                    0x10000070   Section        8  rt_system.o(.data)
    os_lock                                  0x10000070   Data           1  rt_system.o(.data)
    os_psh_flag                              0x10000071   Data           1  rt_system.o(.data)
    pend_flags                               0x10000072   Data           1  rt_system.o(.data)
    .data                                    0x10000078   Section        4  rt_time.o(.data)
    .data                                    0x1000007c   Section        8  rt_robin.o(.data)
    .data                                    0x10000084   Section        1  hal_cm.o(.data)
    .bss                                     0x10000088   Section       66  basei2c.o(.bss)
    .bss                                     0x100000d0   Section     7216  rtx_conf_cm.o(.bss)
    std_libspace                             0x100019e0   Data         672  rtx_conf_cm.o(.bss)
    std_libmutex                             0x10001c80   Data         128  rtx_conf_cm.o(.bss)
    .bss                                     0x10001d00   Section       36  i2c_lpc17xx.o(.bss)
    I2C2_Ctrl                                0x10001d00   Data          36  i2c_lpc17xx.o(.bss)
    .bss                                     0x10001d24   Section       40  ssp_lpc17xx.o(.bss)
    SSP1_Info                                0x10001d24   Data          12  ssp_lpc17xx.o(.bss)
    SSP1_Xfer                                0x10001d30   Data          28  ssp_lpc17xx.o(.bss)
    .bss                                     0x10001d4c   Section       52  uart_lpc17xx.o(.bss)
    USART1_Info                              0x10001d4c   Data          52  uart_lpc17xx.o(.bss)
    .bss                                     0x10001d80   Section      160  gpdma_lpc17xx.o(.bss)
    Channel_info                             0x10001d80   Data         160  gpdma_lpc17xx.o(.bss)
    .bss                                     0x10001e20   Section       52  rt_task.o(.bss)
    .bss                                     0x10001e54   Section       48  rt_list.o(.bss)
    .bss                                     0x10001e84   Section       96  libspace.o(.bss)
    HEAP                                     0x10001ee8   Section        0  startup_lpc17xx.o(HEAP)
    STACK                                    0x10001ee8   Section      512  startup_lpc17xx.o(STACK)
    Heap_Mem                                 0x10001ee8   Data           0  startup_lpc17xx.o(HEAP)
    Stack_Mem                                0x10001ee8   Data         512  startup_lpc17xx.o(STACK)
    __initial_sp                             0x100020e8   Data           0  startup_lpc17xx.o(STACK)

    Global Symbols

    Symbol Name                              Value     Ov Type        Size  Object(Section)

    BuildAttributes$$THM_ISAv4$P$D$K$B$S$PE$A:L22UL41UL21$X:L11$S22US41US21$IEEE1$IW$USESV6$~STKCKD$USESV7$~SHL$OSPACE$ROPI$EBA8$UX$STANDARDLIB$REQ8$PRES8$EABIv2 0x00000000   Number         0  anon$$obj.o ABSOLUTE
    __ARM_use_no_argv                        0x00000000   Number         0  basei2c.o ABSOLUTE
    __Vectors                                0x00000000   Data           4  startup_lpc17xx.o(RESET)
    _printf_flags                            0x00000000   Number         0  printf_stubs.o ABSOLUTE
    _printf_return_value                     0x00000000   Number         0  printf_stubs.o ABSOLUTE
    _printf_sizespec                         0x00000000   Number         0  printf_stubs.o ABSOLUTE
    _printf_widthprec                        0x00000000   Number         0  printf_stubs.o ABSOLUTE
    __ARM_exceptions_init                     - Undefined Weak Reference
    __alloca_initialize                       - Undefined Weak Reference
    __arm_preinit_                            - Undefined Weak Reference
    __cpp_initialize__aeabi_                  - Undefined Weak Reference
    __cxa_finalize                            - Undefined Weak Reference
    __rt_locale                               - Undefined Weak Reference
    __sigvec_lookup                           - Undefined Weak Reference
    _atexit_init                              - Undefined Weak Reference
    _call_atexit_fns                          - Undefined Weak Reference
    _clock_init                               - Undefined Weak Reference
    _fp_trap_init                             - Undefined Weak Reference
    _fp_trap_shutdown                         - Undefined Weak Reference
    _get_lc_collate                           - Undefined Weak Reference
    _get_lc_ctype                             - Undefined Weak Reference
    _get_lc_monetary                          - Undefined Weak Reference
    _get_lc_numeric                           - Undefined Weak Reference
    _get_lc_time                              - Undefined Weak Reference
    _getenv_init                              - Undefined Weak Reference
    _handle_redirection                       - Undefined Weak Reference
    _init_alloc                               - Undefined Weak Reference
    _init_user_alloc                          - Undefined Weak Reference
    _initio                                   - Undefined Weak Reference
    _printf_truncate_signed                   - Undefined Weak Reference
    _printf_truncate_unsigned                 - Undefined Weak Reference
    _rand_init                                - Undefined Weak Reference
    _signal_finish                            - Undefined Weak Reference
    _signal_init                              - Undefined Weak Reference
    _terminate_alloc                          - Undefined Weak Reference
    _terminate_user_alloc                     - Undefined Weak Reference
    _terminateio                              - Undefined Weak Reference
    __main                                   0x000000cd   Thumb Code     8  __main.o(!!!main)
    __scatterload                            0x000000d5   Thumb Code     0  __scatter.o(!!!scatter)
    __scatterload_rt2                        0x000000d5   Thumb Code    44  __scatter.o(!!!scatter)
    __scatterload_rt2_thumb_only             0x000000d5   Thumb Code     0  __scatter.o(!!!scatter)
    __scatterload_null                       0x000000e3   Thumb Code     0  __scatter.o(!!!scatter)
    __scatterload_copy                       0x00000109   Thumb Code    26  __scatter_copy.o(!!handler_copy)
    __scatterload_zeroinit                   0x00000125   Thumb Code    28  __scatter_zi.o(!!handler_zi)
    _printf_d                                0x00000141   Thumb Code     0  _printf_d.o(.ARM.Collect$$_printf_percent$$00000009)
    _printf_percent                          0x00000141   Thumb Code     0  _printf_percent.o(.ARM.Collect$$_printf_percent$$00000000)
    _printf_percent_end                      0x00000147   Thumb Code     0  _printf_percent_end.o(.ARM.Collect$$_printf_percent$$00000017)
    __rt_lib_init                            0x0000014b   Thumb Code     0  libinit.o(.ARM.Collect$$libinit$$00000000)
    __rt_lib_init_alloca_1                   0x0000014d   Thumb Code     0  libinit2.o(.ARM.Collect$$libinit$$0000002E)
    __rt_lib_init_argv_1                     0x0000014d   Thumb Code     0  libinit2.o(.ARM.Collect$$libinit$$0000002C)
    __rt_lib_init_atexit_1                   0x0000014d   Thumb Code     0  libinit2.o(.ARM.Collect$$libinit$$0000001B)
    __rt_lib_init_clock_1                    0x0000014d   Thumb Code     0  libinit2.o(.ARM.Collect$$libinit$$00000021)
    __rt_lib_init_cpp_1                      0x0000014d   Thumb Code     0  libinit2.o(.ARM.Collect$$libinit$$00000032)
    __rt_lib_init_exceptions_1               0x0000014d   Thumb Code     0  libinit2.o(.ARM.Collect$$libinit$$00000030)
    __rt_lib_init_fp_1                       0x0000014d   Thumb Code     0  libinit2.o(.ARM.Collect$$libinit$$00000002)
    __rt_lib_init_fp_trap_1                  0x0000014d   Thumb Code     0  libinit2.o(.ARM.Collect$$libinit$$0000001F)
    __rt_lib_init_getenv_1                   0x0000014d   Thumb Code     0  libinit2.o(.ARM.Collect$$libinit$$00000023)
    __rt_lib_init_heap_1                     0x0000014d   Thumb Code     0  libinit2.o(.ARM.Collect$$libinit$$0000000A)
    __rt_lib_init_lc_collate_1               0x0000014d   Thumb Code     0  libinit2.o(.ARM.Collect$$libinit$$00000011)
    __rt_lib_init_lc_ctype_1                 0x0000014d   Thumb Code     0  libinit2.o(.ARM.Collect$$libinit$$00000013)
    __rt_lib_init_lc_monetary_1              0x0000014d   Thumb Code     0  libinit2.o(.ARM.Collect$$libinit$$00000015)
    __rt_lib_init_lc_numeric_1               0x0000014d   Thumb Code     0  libinit2.o(.ARM.Collect$$libinit$$00000017)
    __rt_lib_init_lc_time_1                  0x0000014d   Thumb Code     0  libinit2.o(.ARM.Collect$$libinit$$00000019)
    __rt_lib_init_preinit_1                  0x0000014d   Thumb Code     0  libinit2.o(.ARM.Collect$$libinit$$00000004)
    __rt_lib_init_rand_1                     0x0000014d   Thumb Code     0  libinit2.o(.ARM.Collect$$libinit$$0000000E)
    __rt_lib_init_return                     0x0000014d   Thumb Code     0  libinit2.o(.ARM.Collect$$libinit$$00000033)
    __rt_lib_init_signal_1                   0x0000014d   Thumb Code     0  libinit2.o(.ARM.Collect$$libinit$$0000001D)
    __rt_lib_init_stdio_1                    0x0000014d   Thumb Code     0  libinit2.o(.ARM.Collect$$libinit$$00000025)
    __rt_lib_init_user_alloc_1               0x0000014d   Thumb Code     0  libinit2.o(.ARM.Collect$$libinit$$0000000C)
    __rt_lib_shutdown                        0x0000014f   Thumb Code     0  libshutdown.o(.ARM.Collect$$libshutdown$$00000000)
    __rt_lib_shutdown_cpp_1                  0x00000151   Thumb Code     0  libshutdown2.o(.ARM.Collect$$libshutdown$$00000002)
    __rt_lib_shutdown_fp_trap_1              0x00000151   Thumb Code     0  libshutdown2.o(.ARM.Collect$$libshutdown$$00000007)
    __rt_lib_shutdown_heap_1                 0x00000151   Thumb Code     0  libshutdown2.o(.ARM.Collect$$libshutdown$$0000000F)
    __rt_lib_shutdown_return                 0x00000151   Thumb Code     0  libshutdown2.o(.ARM.Collect$$libshutdown$$00000010)
    __rt_lib_shutdown_signal_1               0x00000151   Thumb Code     0  libshutdown2.o(.ARM.Collect$$libshutdown$$0000000A)
    __rt_lib_shutdown_stdio_1                0x00000151   Thumb Code     0  libshutdown2.o(.ARM.Collect$$libshutdown$$00000004)
    __rt_lib_shutdown_user_alloc_1           0x00000151   Thumb Code     0  libshutdown2.o(.ARM.Collect$$libshutdown$$0000000C)
    __rt_entry                               0x00000153   Thumb Code     0  __rtentry.o(.ARM.Collect$$rtentry$$00000000)
    __rt_entry_presh_1                       0x00000153   Thumb Code     0  __rtentry2.o(.ARM.Collect$$rtentry$$00000002)
    __rt_entry_sh                            0x00000153   Thumb Code     0  __rtentry4.o(.ARM.Collect$$rtentry$$00000004)
    __rt_entry_li                            0x00000159   Thumb Code     0  __rtentry2.o(.ARM.Collect$$rtentry$$0000000A)
    __rt_entry_postsh_1                      0x00000159   Thumb Code     0  __rtentry2.o(.ARM.Collect$$rtentry$$00000009)
    __rt_entry_postli_1                      0x0000015d   Thumb Code     0  __rtentry2.o(.ARM.Collect$$rtentry$$0000000B)
    __rt_entry_main                          0x00000165   Thumb Code     0  __rtentry2.o(.ARM.Collect$$rtentry$$0000000D)
    __rt_exit                                0x0000016d   Thumb Code     0  rtexit.o(.ARM.Collect$$rtexit$$00000000)
    __rt_exit_ls                             0x0000016f   Thumb Code     0  rtexit2.o(.ARM.Collect$$rtexit$$00000003)
    __rt_exit_prels_1                        0x0000016f   Thumb Code     0  rtexit2.o(.ARM.Collect$$rtexit$$00000002)
    __rt_exit_exit                           0x00000173   Thumb Code     0  rtexit2.o(.ARM.Collect$$rtexit$$00000004)
    _platform_post_lib_init                  0x00000179   Thumb Code    24  rtx_conf_cm.o(.emb_text)
    rt_set_PSP                               0x00000195   Thumb Code     6  hal_cm3.o(.emb_text)
    rt_get_PSP                               0x0000019b   Thumb Code     6  hal_cm3.o(.emb_text)
    os_set_env                               0x000001a1   Thumb Code    24  hal_cm3.o(.emb_text)
    _alloc_box                               0x000001bd   Thumb Code    28  hal_cm3.o(.emb_text)
    _free_box                                0x000001dd   Thumb Code    28  hal_cm3.o(.emb_text)
    SVC_Handler                              0x000001fd   Thumb Code   108  hal_cm3.o(.emb_text)
    PendSV_Handler                           0x00000275   Thumb Code    56  hal_cm3.o(.emb_text)
    SysTick_Handler                          0x000002b1   Thumb Code     8  hal_cm3.o(.emb_text)
    OS_Tick_Handler                          0x000002b9   Thumb Code    12  hal_cm3.o(.emb_text)
    __user_libspace                          0x000002c5   Thumb Code     8  libspace.o(.text)
    __user_perproc_libspace                  0x000002c5   Thumb Code     0  libspace.o(.text)
    __2sprintf                               0x000002cd   Thumb Code    34  noretval__2sprintf.o(.text)
    __use_two_region_memory                  0x000002f5   Thumb Code     2  heapauxi.o(.text)
    __rt_heap_escrow$2region                 0x000002f7   Thumb Code     2  heapauxi.o(.text)
    __rt_heap_expand$2region                 0x000002f9   Thumb Code     2  heapauxi.o(.text)
    __I$use$semihosting                      0x000002fb   Thumb Code     0  use_no_semi.o(.text)
    __use_no_semihosting_swi                 0x000002fb   Thumb Code     2  use_no_semi.o(.text)
    Reset_Handler                            0x00000301   Thumb Code     8  startup_lpc17xx.o(.text)
    NMI_Handler                              0x00000309   Thumb Code     2  startup_lpc17xx.o(.text)
    HardFault_Handler                        0x0000030b   Thumb Code     2  startup_lpc17xx.o(.text)
    MemManage_Handler                        0x0000030d   Thumb Code     2  startup_lpc17xx.o(.text)
    BusFault_Handler                         0x0000030f   Thumb Code     2  startup_lpc17xx.o(.text)
    UsageFault_Handler                       0x00000311   Thumb Code     2  startup_lpc17xx.o(.text)
    DebugMon_Handler                         0x00000315   Thumb Code     2  startup_lpc17xx.o(.text)
    ADC_IRQHandler                           0x0000031b   Thumb Code     0  startup_lpc17xx.o(.text)
    BOD_IRQHandler                           0x0000031b   Thumb Code     0  startup_lpc17xx.o(.text)
    CANActivity_IRQHandler                   0x0000031b   Thumb Code     0  startup_lpc17xx.o(.text)
    CAN_IRQHandler                           0x0000031b   Thumb Code     0  startup_lpc17xx.o(.text)
    EINT0_IRQHandler                         0x0000031b   Thumb Code     0  startup_lpc17xx.o(.text)
    EINT1_IRQHandler                         0x0000031b   Thumb Code     0  startup_lpc17xx.o(.text)
    EINT2_IRQHandler                         0x0000031b   Thumb Code     0  startup_lpc17xx.o(.text)
    EINT3_IRQHandler                         0x0000031b   Thumb Code     0  startup_lpc17xx.o(.text)
    ENET_IRQHandler                          0x0000031b   Thumb Code     0  startup_lpc17xx.o(.text)
    I2C0_IRQHandler                          0x0000031b   Thumb Code     0  startup_lpc17xx.o(.text)
    I2C1_IRQHandler                          0x0000031b   Thumb Code     0  startup_lpc17xx.o(.text)
    I2S_IRQHandler                           0x0000031b   Thumb Code     0  startup_lpc17xx.o(.text)
    MCPWM_IRQHandler                         0x0000031b   Thumb Code     0  startup_lpc17xx.o(.text)
    PLL0_IRQHandler                          0x0000031b   Thumb Code     0  startup_lpc17xx.o(.text)
    PLL1_IRQHandler                          0x0000031b   Thumb Code     0  startup_lpc17xx.o(.text)
    PWM1_IRQHandler                          0x0000031b   Thumb Code     0  startup_lpc17xx.o(.text)
    QEI_IRQHandler                           0x0000031b   Thumb Code     0  startup_lpc17xx.o(.text)
    RIT_IRQHandler                           0x0000031b   Thumb Code     0  startup_lpc17xx.o(.text)
    RTC_IRQHandler                           0x0000031b   Thumb Code     0  startup_lpc17xx.o(.text)
    SPI_IRQHandler                           0x0000031b   Thumb Code     0  startup_lpc17xx.o(.text)
    SSP0_IRQHandler                          0x0000031b   Thumb Code     0  startup_lpc17xx.o(.text)
    TIMER0_IRQHandler                        0x0000031b   Thumb Code     0  startup_lpc17xx.o(.text)
    TIMER1_IRQHandler                        0x0000031b   Thumb Code     0  startup_lpc17xx.o(.text)
    TIMER2_IRQHandler                        0x0000031b   Thumb Code     0  startup_lpc17xx.o(.text)
    TIMER3_IRQHandler                        0x0000031b   Thumb Code     0  startup_lpc17xx.o(.text)
    UART0_IRQHandler                         0x0000031b   Thumb Code     0  startup_lpc17xx.o(.text)
    UART2_IRQHandler                         0x0000031b   Thumb Code     0  startup_lpc17xx.o(.text)
    UART3_IRQHandler                         0x0000031b   Thumb Code     0  startup_lpc17xx.o(.text)
    USBActivity_IRQHandler                   0x0000031b   Thumb Code     0  startup_lpc17xx.o(.text)
    USB_IRQHandler                           0x0000031b   Thumb Code     0  startup_lpc17xx.o(.text)
    WDT_IRQHandler                           0x0000031b   Thumb Code     0  startup_lpc17xx.o(.text)
    __user_initial_stackheap                 0x0000031d   Thumb Code     0  startup_lpc17xx.o(.text)
    __aeabi_uldivmod                         0x0000033d   Thumb Code     0  lludivv7m.o(.text)
    _ll_udiv                                 0x0000033d   Thumb Code   238  lludivv7m.o(.text)
    _printf_pre_padding                      0x0000042b   Thumb Code    44  _printf_pad.o(.text)
    _printf_post_padding                     0x00000457   Thumb Code    34  _printf_pad.o(.text)
    _printf_int_dec                          0x00000479   Thumb Code   104  _printf_dec.o(.text)
    __RL_RTX_VER                             0x00000482   Number         0  rt_system.o ABSOLUTE
    __printf                                 0x000004f1   Thumb Code   308  __printf_flags_wp.o(.text)
    exit                                     0x00000629   Thumb Code    18  exit.o(.text)
    strlen                                   0x0000063b   Thumb Code    62  strlen.o(.text)
    __aeabi_memclr4                          0x00000679   Thumb Code     0  rt_memclr_w.o(.text)
    __aeabi_memclr8                          0x00000679   Thumb Code     0  rt_memclr_w.o(.text)
    __rt_memclr_w                            0x00000679   Thumb Code    78  rt_memclr_w.o(.text)
    _memset_w                                0x0000067d   Thumb Code     0  rt_memclr_w.o(.text)
    _printf_int_common                       0x000006c7   Thumb Code   178  _printf_intcommon.o(.text)
    _printf_char_common                      0x00000783   Thumb Code    32  _printf_char_common.o(.text)
    _sputc                                   0x000007a9   Thumb Code    10  _sputc.o(.text)
    _sys_exit                                0x000007b5   Thumb Code     8  sys_exit.o(.text)
    __user_setup_stackheap                   0x000007c1   Thumb Code    74  sys_stackheap_outer.o(.text)
    __semihosting_library_function           0x0000080b   Thumb Code     0  indicate_semi.o(.text)
    SVC_Count                                0x0000080c   Data           4  svc_table.o(SVC_TABLE)
    SVC_Table                                0x00000810   Data           0  svc_table.o(SVC_TABLE)
    DMA_IRQHandler                           0x00000831   Thumb Code   372  gpdma_lpc17xx.o(i.DMA_IRQHandler)
    GLCD_ClearScreen                         0x000009b1   Thumb Code    44  glcd_mcb1700.o(i.GLCD_ClearScreen)
    GLCD_DrawChar                            0x000009e1   Thumb Code   194  glcd_mcb1700.o(i.GLCD_DrawChar)
    GLCD_DrawString                          0x00000ab1   Thumb Code    38  glcd_mcb1700.o(i.GLCD_DrawString)
    GLCD_Initialize                          0x00000add   Thumb Code  1462  glcd_mcb1700.o(i.GLCD_Initialize)
    GLCD_SetFont                             0x00001095   Thumb Code    10  glcd_mcb1700.o(i.GLCD_SetFont)
    GLCD_SetWindow                           0x000010a5   Thumb Code   168  glcd_mcb1700.o(i.GLCD_SetWindow)
    GLCD_WindowMax                           0x00001151   Thumb Code    18  glcd_mcb1700.o(i.GLCD_WindowMax)
    GPDMA_ChannelConfigure                   0x00001165   Thumb Code   232  gpdma_lpc17xx.o(i.GPDMA_ChannelConfigure)
    GPDMA_ChannelDisable                     0x00001259   Thumb Code    44  gpdma_lpc17xx.o(i.GPDMA_ChannelDisable)
    GPDMA_ChannelGetCount                    0x00001289   Thumb Code    38  gpdma_lpc17xx.o(i.GPDMA_ChannelGetCount)
    GPDMA_Initialize                         0x000012b9   Thumb Code   146  gpdma_lpc17xx.o(i.GPDMA_Initialize)
    GPDMA_PeripheralSelect                   0x00001361   Thumb Code    62  gpdma_lpc17xx.o(i.GPDMA_PeripheralSelect)
    GPDMA_Uninitialize                       0x000013a5   Thumb Code   116  gpdma_lpc17xx.o(i.GPDMA_Uninitialize)
    GPIO_PinRead                             0x00001425   Thumb Code    28  gpio_lpc17xx.o(i.GPIO_PinRead)
    GPIO_PinWrite                            0x00001445   Thumb Code    36  gpio_lpc17xx.o(i.GPIO_PinWrite)
    GPIO_PortClock                           0x0000146d   Thumb Code    38  gpio_lpc17xx.o(i.GPIO_PortClock)
    GPIO_SetDir                              0x00001499   Thumb Code    52  gpio_lpc17xx.o(i.GPIO_SetDir)
    I2C2_IRQHandler                          0x000015d1   Thumb Code    10  i2c_lpc17xx.o(i.I2C2_IRQHandler)
    Init_I2C                                 0x00002055   Thumb Code    40  basei2c.o(i.Init_I2C)
    Init_UART                                0x00002081   Thumb Code    52  basei2c.o(i.Init_UART)
    Init_WiFi                                0x000020bd   Thumb Code    54  basei2c.o(i.Init_WiFi)
    PIN_Configure                            0x00002165   Thumb Code   246  pin_lpc17xx.o(i.PIN_Configure)
    PIN_ConfigureI2C0Pins                    0x00002261   Thumb Code    28  pin_lpc17xx.o(i.PIN_ConfigureI2C0Pins)
    SSP1_GPDMA_Rx_SignalEvent                0x00002299   Thumb Code    14  ssp_lpc17xx.o(i.SSP1_GPDMA_Rx_SignalEvent)
    SSP1_GPDMA_Tx_SignalEvent                0x000022ad   Thumb Code    14  ssp_lpc17xx.o(i.SSP1_GPDMA_Tx_SignalEvent)
    SSP1_IRQHandler                          0x000022e1   Thumb Code    10  ssp_lpc17xx.o(i.SSP1_IRQHandler)
    SSPx_GPDMA_Rx_SignalEvent                0x000028af   Thumb Code    54  ssp_lpc17xx.o(i.SSPx_GPDMA_Rx_SignalEvent)
    SSPx_GPDMA_Tx_SignalEvent                0x000028e5   Thumb Code    28  ssp_lpc17xx.o(i.SSPx_GPDMA_Tx_SignalEvent)
    SystemInit                               0x00003195   Thumb Code   302  system_lpc17xx.o(i.SystemInit)
    Thread1                                  0x000032d5   Thumb Code   114  basei2c.o(i.Thread1)
    Thread_R                                 0x00003375   Thumb Code   100  basei2c.o(i.Thread_R)
    UART1_IRQHandler                         0x000033dd   Thumb Code    10  uart_lpc17xx.o(i.UART1_IRQHandler)
    USART1_GPDMA_Rx_Event                    0x00003405   Thumb Code    14  uart_lpc17xx.o(i.USART1_GPDMA_Rx_Event)
    USART1_GPDMA_Tx_Event                    0x00003419   Thumb Code    14  uart_lpc17xx.o(i.USART1_GPDMA_Tx_Event)
    USART_SetBaudrate                        0x00004705   Thumb Code   302  uart_lpc17xx.o(i.USART_SetBaudrate)
    _init_box                                0x00004b0b   Thumb Code    70  rt_membox.o(i._init_box)
    _is_digit                                0x00004b51   Thumb Code    14  __printf_wp.o(i._is_digit)
    _mutex_acquire                           0x00004b61   Thumb Code    22  rtx_conf_cm.o(i._mutex_acquire)
    _mutex_release                           0x00004b81   Thumb Code    18  rtx_conf_cm.o(i._mutex_release)
    dbg_init                                 0x00004b9d   Thumb Code    34  hal_cm.o(i.dbg_init)
    dbg_task_notify                          0x00004bcd   Thumb Code    32  hal_cm.o(i.dbg_task_notify)
    dbg_task_switch                          0x00004bed   Thumb Code    16  hal_cm.o(i.dbg_task_switch)
    event_UART                               0x00004c29   Thumb Code    42  basei2c.o(i.event_UART)
    isrMessageGet                            0x00004c5d   Thumb Code    42  rt_cmsis.o(i.isrMessageGet)
    isrMessagePut                            0x00004c87   Thumb Code    44  rt_cmsis.o(i.isrMessagePut)
    isrSignalSet                             0x00004cb3   Thumb Code    36  rt_cmsis.o(i.isrSignalSet)
    isr_evt_set                              0x00004cd9   Thumb Code    34  rt_event.o(i.isr_evt_set)
    isr_mbx_receive                          0x00004d01   Thumb Code    86  rt_mailbox.o(i.isr_mbx_receive)
    isr_mbx_send                             0x00004d57   Thumb Code    14  rt_mailbox.o(i.isr_mbx_send)
    main                                     0x00004d65   Thumb Code    98  basei2c.o(i.main)
    osDelay                                  0x00004de1   Thumb Code    18  rt_cmsis.o(i.osDelay)
    osKernelInitialize                       0x00004df9   Thumb Code    30  rt_cmsis.o(i.osKernelInitialize)
    osKernelStart                            0x00004e1d   Thumb Code    98  rt_cmsis.o(i.osKernelStart)
    osMessageGet                             0x00004e89   Thumb Code    18  rt_cmsis.o(i.osMessageGet)
    osSignalSet                              0x00004ea1   Thumb Code    18  rt_cmsis.o(i.osSignalSet)
    osSignalWait                             0x00004eb9   Thumb Code    18  rt_cmsis.o(i.osSignalWait)
    osThreadCreate                           0x00004ed1   Thumb Code    36  rt_cmsis.o(i.osThreadCreate)
    osThreadExit                             0x00004efd   Thumb Code    14  rt_cmsis.o(i.osThreadExit)
    osTimerCall                              0x00004f15   Thumb Code     8  rt_cmsis.o(i.osTimerCall)
    osTimerThread                            0x00004f21   Thumb Code    38  rt_cmsis.o(i.osTimerThread)
    os_error                                 0x00004f4d   Thumb Code    34  rtx_conf_cm.o(i.os_error)
    os_idle_demon                            0x00004f6f   Thumb Code     4  rtx_conf_cm.o(i.os_idle_demon)
    os_tick_init                             0x00004f75   Thumb Code    32  rt_system.o(i.os_tick_init)
    os_tick_irqack                           0x00004f9d   Thumb Code     2  rt_system.o(i.os_tick_irqack)
    rt_alloc_box                             0x000050bd   Thumb Code    26  rt_membox.o(i.rt_alloc_box)
    rt_alloc_mem                             0x000050d7   Thumb Code    62  rt_memory.o(i.rt_alloc_mem)
    rt_block                                 0x00005115   Thumb Code    48  rt_task.o(i.rt_block)
    rt_chk_robin                             0x0000514d   Thumb Code    60  rt_robin.o(i.rt_chk_robin)
    rt_dec_dly                               0x00005195   Thumb Code   102  rt_list.o(i.rt_dec_dly)
    rt_dispatch                              0x00005205   Thumb Code    60  rt_task.o(i.rt_dispatch)
    rt_dly_wait                              0x00005249   Thumb Code     6  rt_time.o(i.rt_dly_wait)
    rt_evt_psh                               0x00005251   Thumb Code    76  rt_event.o(i.rt_evt_psh)
    rt_evt_set                               0x000052a1   Thumb Code    88  rt_event.o(i.rt_evt_set)
    rt_evt_wait                              0x000052fd   Thumb Code    56  rt_event.o(i.rt_evt_wait)
    rt_free_box                              0x00005339   Thumb Code    44  rt_membox.o(i.rt_free_box)
    rt_free_mem                              0x00005365   Thumb Code    40  rt_memory.o(i.rt_free_mem)
    rt_get_first                             0x0000538d   Thumb Code    40  rt_list.o(i.rt_get_first)
    rt_init_mem                              0x00005405   Thumb Code    26  rt_memory.o(i.rt_init_mem)
    rt_init_robin                            0x00005421   Thumb Code    14  rt_robin.o(i.rt_init_robin)
    rt_init_stack                            0x00005439   Thumb Code   118  hal_cm.o(i.rt_init_stack)
    rt_mbx_check                             0x000054b9   Thumb Code     8  rt_mailbox.o(i.rt_mbx_check)
    rt_mbx_init                              0x000054c1   Thumb Code    26  rt_mailbox.o(i.rt_mbx_init)
    rt_mbx_psh                               0x000054dd   Thumb Code   236  rt_mailbox.o(i.rt_mbx_psh)
    rt_mbx_wait                              0x000055cd   Thumb Code   174  rt_mailbox.o(i.rt_mbx_wait)
    rt_mut_release                           0x000056c5   Thumb Code   208  rt_mutex.o(i.rt_mut_release)
    rt_mut_wait                              0x0000579d   Thumb Code   114  rt_mutex.o(i.rt_mut_wait)
    rt_pop_req                               0x00005815   Thumb Code   112  rt_system.o(i.rt_pop_req)
    rt_psh_req                               0x00005891   Thumb Code    22  rt_system.o(i.rt_psh_req)
    rt_psq_enq                               0x000058b1   Thumb Code    88  rt_list.o(i.rt_psq_enq)
    rt_put_dly                               0x0000590d   Thumb Code    68  rt_list.o(i.rt_put_dly)
    rt_put_prio                              0x00005955   Thumb Code    54  rt_list.o(i.rt_put_prio)
    rt_put_rdy_first                         0x0000598d   Thumb Code    14  rt_list.o(i.rt_put_rdy_first)
    rt_resort_prio                           0x000059a1   Thumb Code    46  rt_list.o(i.rt_resort_prio)
    rt_ret_val                               0x000059d5   Thumb Code     6  hal_cm.o(i.rt_ret_val)
    rt_ret_val2                              0x000059db   Thumb Code     8  hal_cm.o(i.rt_ret_val2)
    rt_rmv_dly                               0x000059e3   Thumb Code    40  rt_list.o(i.rt_rmv_dly)
    rt_rmv_list                              0x00005a0d   Thumb Code    44  rt_list.o(i.rt_rmv_list)
    rt_sem_psh                               0x00005a3d   Thumb Code    48  rt_semaphore.o(i.rt_sem_psh)
    rt_stk_check                             0x00005a71   Thumb Code    28  rt_system.o(i.rt_stk_check)
    rt_switch_req                            0x00005a95   Thumb Code    30  rt_task.o(i.rt_switch_req)
    rt_sys_init                              0x00005abd   Thumb Code   138  rt_task.o(i.rt_sys_init)
    rt_sys_start                             0x00005b89   Thumb Code   110  rt_task.o(i.rt_sys_start)
    rt_systick                               0x00005c01   Thumb Code    50  rt_system.o(i.rt_systick)
    rt_tsk_create                            0x00005c89   Thumb Code   118  rt_task.o(i.rt_tsk_create)
    rt_tsk_delete                            0x00005d11   Thumb Code   352  rt_task.o(i.rt_tsk_delete)
    rt_tsk_prio                              0x00005e8d   Thumb Code   108  rt_task.o(i.rt_tsk_prio)
    rt_tsk_self                              0x00005f09   Thumb Code    12  rt_task.o(i.rt_tsk_self)
    sendCommand                              0x00005f19   Thumb Code    46  basei2c.o(i.sendCommand)
    svcDelay                                 0x00006001   Thumb Code    18  rt_cmsis.o(i.svcDelay)
    svcKernelInitialize                      0x00006015   Thumb Code    80  rt_cmsis.o(i.svcKernelInitialize)
    svcKernelStart                           0x00006085   Thumb Code    62  rt_cmsis.o(i.svcKernelStart)
    svcMessageCreate                         0x000060cd   Thumb Code    36  rt_cmsis.o(i.svcMessageCreate)
    svcMessageGet                            0x000060f1   Thumb Code    58  rt_cmsis.o(i.svcMessageGet)
    svcSignalSet                             0x0000612b   Thumb Code    36  rt_cmsis.o(i.svcSignalSet)
    svcSignalWait                            0x00006151   Thumb Code    80  rt_cmsis.o(i.svcSignalWait)
    svcThreadCreate                          0x000061a5   Thumb Code    96  rt_cmsis.o(i.svcThreadCreate)
    svcThreadGetId                           0x00006211   Thumb Code    22  rt_cmsis.o(i.svcThreadGetId)
    svcThreadTerminate                       0x0000622d   Thumb Code    50  rt_cmsis.o(i.svcThreadTerminate)
    svcTimerCall                             0x00006265   Thumb Code    24  rt_cmsis.o(i.svcTimerCall)
    sysTimerTick                             0x0000627d   Thumb Code    84  rt_cmsis.o(i.sysTimerTick)
    write1byte                               0x00006415   Thumb Code    54  basei2c.o(i.write1byte)
    os_thread_def_Thread1                    0x00006450   Data          16  basei2c.o(.constdata)
    os_thread_def_Thread_R                   0x00006460   Data          16  basei2c.o(.constdata)
    os_mutex_def_SampleMutex                 0x00006470   Data           4  basei2c.o(.constdata)
    GLCD_Font_6x8                            0x00007cf4   Data          16  glcd_fonts.o(.constdata)
    GLCD_Font_16x24                          0x00007d04   Data          16  glcd_fonts.o(.constdata)
    os_maxtaskrun                            0x00007d14   Data           2  rtx_conf_cm.o(.constdata)
    os_stackinfo                             0x00007d18   Data           4  rtx_conf_cm.o(.constdata)
    os_rrobin                                0x00007d1c   Data           4  rtx_conf_cm.o(.constdata)
    os_tickfreq                              0x00007d20   Data           4  rtx_conf_cm.o(.constdata)
    os_tickus_i                              0x00007d24   Data           2  rtx_conf_cm.o(.constdata)
    os_tickus_f                              0x00007d26   Data           2  rtx_conf_cm.o(.constdata)
    os_trv                                   0x00007d28   Data           4  rtx_conf_cm.o(.constdata)
    os_flags                                 0x00007d2c   Data           1  rtx_conf_cm.o(.constdata)
    CMSIS_RTOS_API_Version                   0x00007d30   Data           4  rtx_conf_cm.o(.constdata)
    CMSIS_RTOS_RTX_Version                   0x00007d34   Data           4  rtx_conf_cm.o(.constdata)
    os_clockrate                             0x00007d38   Data           4  rtx_conf_cm.o(.constdata)
    os_timernum                              0x00007d3c   Data           4  rtx_conf_cm.o(.constdata)
    mp_tcb_size                              0x00007d40   Data           2  rtx_conf_cm.o(.constdata)
    mp_stk_size                              0x00007d44   Data           4  rtx_conf_cm.o(.constdata)
    os_stack_sz                              0x00007d48   Data           4  rtx_conf_cm.o(.constdata)
    os_fifo_size                             0x00007d4c   Data           1  rtx_conf_cm.o(.constdata)
    os_thread_def_osTimerThread              0x00007d50   Data          16  rtx_conf_cm.o(.constdata)
    os_messageQ_def_osTimerMessageQ          0x00007d60   Data           8  rtx_conf_cm.o(.constdata)
    mp_tmr_size                              0x00007d68   Data           2  rtx_conf_cm.o(.constdata)
    os_thread_def_main                       0x00007d6c   Data          16  rtx_conf_cm.o(.constdata)
    Driver_I2C2                              0x00007db0   Data          48  i2c_lpc17xx.o(.constdata)
    Driver_SPI1                              0x00007e30   Data          44  ssp_lpc17xx.o(.constdata)
    Driver_USART1                            0x00007ff4   Data          56  uart_lpc17xx.o(.constdata)
    Region$$Table$$Base                      0x00008040   Number         0  anon$$obj.o(Region$$Table)
    Region$$Table$$Limit                     0x00008060   Number         0  anon$$obj.o(Region$$Table)
    tid_Thread1                              0x10000000   Data           4  basei2c.o(.data)
    tid_Thread_R                             0x10000004   Data           4  basei2c.o(.data)
    mid_Thread_Mutex                         0x10000008   Data           4  basei2c.o(.data)
    DeviceAddr                               0x1000000c   Data           1  basei2c.o(.data)
    retour                                   0x1000000d   Data           6  basei2c.o(.data)
    maValeur                                 0x10000013   Data           1  basei2c.o(.data)
    osThreadId_osTimerThread                 0x10000028   Data           4  rtx_conf_cm.o(.data)
    osMessageQId_osTimerMessageQ             0x1000002c   Data           4  rtx_conf_cm.o(.data)
    os_tmr                                   0x10000030   Data           4  rtx_conf_cm.o(.data)
    m_tmr                                    0x10000034   Data           4  rtx_conf_cm.o(.data)
    I2C2_PIN                                 0x1000003c   Data           4  i2c_lpc17xx.o(.data)
    SystemCoreClock                          0x1000005c   Data           4  system_lpc17xx.o(.data)
    os_initialized                           0x10000060   Data           1  rt_cmsis.o(.data)
    os_running                               0x10000061   Data           1  rt_cmsis.o(.data)
    os_timer_head                            0x10000064   Data           4  rt_cmsis.o(.data)
    os_tsk                                   0x10000068   Data           8  rt_task.o(.data)
    os_tick_irqn                             0x10000074   Data           4  rt_system.o(.data)
    os_time                                  0x10000078   Data           4  rt_time.o(.data)
    os_robin                                 0x1000007c   Data           8  rt_robin.o(.data)
    dbg_msg                                  0x10000084   Data           1  hal_cm.o(.data)
    os_mutex_cb_SampleMutex                  0x10000088   Data          16  basei2c.o(.bss)
    tab                                      0x10000098   Data          10  basei2c.o(.bss)
    chaine                                   0x100000a2   Data          20  basei2c.o(.bss)
    chaine1                                  0x100000b6   Data          20  basei2c.o(.bss)
    mp_tcb                                   0x100000d0   Data         376  rtx_conf_cm.o(.bss)
    mp_stk                                   0x10000248   Data        4816  rtx_conf_cm.o(.bss)
    os_stack_mem                             0x10001518   Data        1032  rtx_conf_cm.o(.bss)
    os_fifo                                  0x10001920   Data         132  rtx_conf_cm.o(.bss)
    os_active_TCB                            0x100019a4   Data          28  rtx_conf_cm.o(.bss)
    os_messageQ_q_osTimerMessageQ            0x100019c0   Data          32  rtx_conf_cm.o(.bss)
    os_idle_TCB                              0x10001e20   Data          52  rt_task.o(.bss)
    os_rdy                                   0x10001e54   Data          24  rt_list.o(.bss)
    os_dly                                   0x10001e6c   Data          24  rt_list.o(.bss)
    __libspace_start                         0x10001e84   Data          96  libspace.o(.bss)
    __temporary_stack_top$libspace           0x10001ee4   Data           0  libspace.o(.bss)



==============================================================================

Memory Map of the image

  Image Entry point : 0x000000cd

  Load Region LR_IROM1 (Base: 0x00000000, Size: 0x000080e8, Max: 0x00080000, ABSOLUTE)

    Execution Region ER_IROM1 (Base: 0x00000000, Size: 0x00008060, Max: 0x00080000, ABSOLUTE)

    Base Addr    Size         Type   Attr      Idx    E Section Name        Object

    0x00000000   0x000000cc   Data   RO         1191    RESET               startup_lpc17xx.o
    0x000000cc   0x00000008   Code   RO         2490  * !!!main             c_w.l(__main.o)
    0x000000d4   0x00000034   Code   RO         2660    !!!scatter          c_w.l(__scatter.o)
    0x00000108   0x0000001a   Code   RO         2662    !!handler_copy      c_w.l(__scatter_copy.o)
    0x00000122   0x00000002   PAD
    0x00000124   0x0000001c   Code   RO         2664    !!handler_zi        c_w.l(__scatter_zi.o)
    0x00000140   0x00000000   Code   RO         2481    .ARM.Collect$$_printf_percent$$00000000  c_w.l(_printf_percent.o)
    0x00000140   0x00000006   Code   RO         2480    .ARM.Collect$$_printf_percent$$00000009  c_w.l(_printf_d.o)
    0x00000146   0x00000004   Code   RO         2505    .ARM.Collect$$_printf_percent$$00000017  c_w.l(_printf_percent_end.o)
    0x0000014a   0x00000002   Code   RO         2546    .ARM.Collect$$libinit$$00000000  c_w.l(libinit.o)
    0x0000014c   0x00000000   Code   RO         2558    .ARM.Collect$$libinit$$00000002  c_w.l(libinit2.o)
    0x0000014c   0x00000000   Code   RO         2560    .ARM.Collect$$libinit$$00000004  c_w.l(libinit2.o)
    0x0000014c   0x00000000   Code   RO         2563    .ARM.Collect$$libinit$$0000000A  c_w.l(libinit2.o)
    0x0000014c   0x00000000   Code   RO         2565    .ARM.Collect$$libinit$$0000000C  c_w.l(libinit2.o)
    0x0000014c   0x00000000   Code   RO         2567    .ARM.Collect$$libinit$$0000000E  c_w.l(libinit2.o)
    0x0000014c   0x00000000   Code   RO         2570    .ARM.Collect$$libinit$$00000011  c_w.l(libinit2.o)
    0x0000014c   0x00000000   Code   RO         2572    .ARM.Collect$$libinit$$00000013  c_w.l(libinit2.o)
    0x0000014c   0x00000000   Code   RO         2574    .ARM.Collect$$libinit$$00000015  c_w.l(libinit2.o)
    0x0000014c   0x00000000   Code   RO         2576    .ARM.Collect$$libinit$$00000017  c_w.l(libinit2.o)
    0x0000014c   0x00000000   Code   RO         2578    .ARM.Collect$$libinit$$00000019  c_w.l(libinit2.o)
    0x0000014c   0x00000000   Code   RO         2580    .ARM.Collect$$libinit$$0000001B  c_w.l(libinit2.o)
    0x0000014c   0x00000000   Code   RO         2582    .ARM.Collect$$libinit$$0000001D  c_w.l(libinit2.o)
    0x0000014c   0x00000000   Code   RO         2584    .ARM.Collect$$libinit$$0000001F  c_w.l(libinit2.o)
    0x0000014c   0x00000000   Code   RO         2586    .ARM.Collect$$libinit$$00000021  c_w.l(libinit2.o)
    0x0000014c   0x00000000   Code   RO         2588    .ARM.Collect$$libinit$$00000023  c_w.l(libinit2.o)
    0x0000014c   0x00000000   Code   RO         2590    .ARM.Collect$$libinit$$00000025  c_w.l(libinit2.o)
    0x0000014c   0x00000000   Code   RO         2594    .ARM.Collect$$libinit$$0000002C  c_w.l(libinit2.o)
    0x0000014c   0x00000000   Code   RO         2596    .ARM.Collect$$libinit$$0000002E  c_w.l(libinit2.o)
    0x0000014c   0x00000000   Code   RO         2598    .ARM.Collect$$libinit$$00000030  c_w.l(libinit2.o)
    0x0000014c   0x00000000   Code   RO         2600    .ARM.Collect$$libinit$$00000032  c_w.l(libinit2.o)
    0x0000014c   0x00000002   Code   RO         2601    .ARM.Collect$$libinit$$00000033  c_w.l(libinit2.o)
    0x0000014e   0x00000002   Code   RO         2547    .ARM.Collect$$libshutdown$$00000000  c_w.l(libshutdown.o)
    0x00000150   0x00000000   Code   RO         2603    .ARM.Collect$$libshutdown$$00000002  c_w.l(libshutdown2.o)
    0x00000150   0x00000000   Code   RO         2605    .ARM.Collect$$libshutdown$$00000004  c_w.l(libshutdown2.o)
    0x00000150   0x00000000   Code   RO         2608    .ARM.Collect$$libshutdown$$00000007  c_w.l(libshutdown2.o)
    0x00000150   0x00000000   Code   RO         2611    .ARM.Collect$$libshutdown$$0000000A  c_w.l(libshutdown2.o)
    0x00000150   0x00000000   Code   RO         2613    .ARM.Collect$$libshutdown$$0000000C  c_w.l(libshutdown2.o)
    0x00000150   0x00000000   Code   RO         2616    .ARM.Collect$$libshutdown$$0000000F  c_w.l(libshutdown2.o)
    0x00000150   0x00000002   Code   RO         2617    .ARM.Collect$$libshutdown$$00000010  c_w.l(libshutdown2.o)
    0x00000152   0x00000000   Code   RO         2492    .ARM.Collect$$rtentry$$00000000  c_w.l(__rtentry.o)
    0x00000152   0x00000000   Code   RO         2507    .ARM.Collect$$rtentry$$00000002  c_w.l(__rtentry2.o)
    0x00000152   0x00000006   Code   RO         2519    .ARM.Collect$$rtentry$$00000004  c_w.l(__rtentry4.o)
    0x00000158   0x00000000   Code   RO         2509    .ARM.Collect$$rtentry$$00000009  c_w.l(__rtentry2.o)
    0x00000158   0x00000004   Code   RO         2510    .ARM.Collect$$rtentry$$0000000A  c_w.l(__rtentry2.o)
    0x0000015c   0x00000008   Code   RO         2511    .ARM.Collect$$rtentry$$0000000B  c_w.l(__rtentry2.o)
    0x00000164   0x00000008   Code   RO         2513    .ARM.Collect$$rtentry$$0000000D  c_w.l(__rtentry2.o)
    0x0000016c   0x00000002   Code   RO         2493    .ARM.Collect$$rtexit$$00000000  c_w.l(rtexit.o)
    0x0000016e   0x00000000   Code   RO         2522    .ARM.Collect$$rtexit$$00000002  c_w.l(rtexit2.o)
    0x0000016e   0x00000004   Code   RO         2523    .ARM.Collect$$rtexit$$00000003  c_w.l(rtexit2.o)
    0x00000172   0x00000006   Code   RO         2524    .ARM.Collect$$rtexit$$00000004  c_w.l(rtexit2.o)
    0x00000178   0x0000001c   Code   RO          365    .emb_text           rtx_conf_cm.o
    0x00000194   0x00000130   Code   RO         2430    .emb_text           RTX_CM3.lib(hal_cm3.o)
    0x000002c4   0x00000008   Code   RO         2445    .text               c_w.l(libspace.o)
    0x000002cc   0x00000028   Code   RO         2452    .text               c_w.l(noretval__2sprintf.o)
    0x000002f4   0x00000006   Code   RO         2488    .text               c_w.l(heapauxi.o)
    0x000002fa   0x00000002   Code   RO         2548    .text               c_w.l(use_no_semi.o)
    0x000002fc   0x00000004   Code   RO         1192    .ARM.__at_0x02FC    startup_lpc17xx.o
    0x00000300   0x0000003c   Code   RO         1193    .text               startup_lpc17xx.o
    0x0000033c   0x000000ee   Code   RO         2448    .text               c_w.l(lludivv7m.o)
    0x0000042a   0x0000004e   Code   RO         2456    .text               c_w.l(_printf_pad.o)
    0x00000478   0x00000078   Code   RO         2458    .text               c_w.l(_printf_dec.o)
    0x000004f0   0x00000138   Code   RO         2472    .text               c_w.l(__printf_flags_wp.o)
    0x00000628   0x00000012   Code   RO         2482    .text               c_w.l(exit.o)
    0x0000063a   0x0000003e   Code   RO         2484    .text               c_w.l(strlen.o)
    0x00000678   0x0000004e   Code   RO         2486    .text               c_w.l(rt_memclr_w.o)
    0x000006c6   0x000000b2   Code   RO         2499    .text               c_w.l(_printf_intcommon.o)
    0x00000778   0x00000030   Code   RO         2501    .text               c_w.l(_printf_char_common.o)
    0x000007a8   0x0000000a   Code   RO         2503    .text               c_w.l(_sputc.o)
    0x000007b2   0x00000002   PAD
    0x000007b4   0x0000000c   Code   RO         2532    .text               c_w.l(sys_exit.o)
    0x000007c0   0x0000004a   Code   RO         2534    .text               c_w.l(sys_stackheap_outer.o)
    0x0000080a   0x00000000   Code   RO         2550    .text               c_w.l(indicate_semi.o)
    0x0000080a   0x00000002   PAD
    0x0000080c   0x00000004   Code   RO         2440    SVC_TABLE           RTX_CM3.lib(svc_table.o)
    0x00000810   0x00000020   Code   RO         1012    i.Clear_Channel_active_flag  gpdma_lpc17xx.o
    0x00000830   0x00000180   Code   RO         1013    i.DMA_IRQHandler    gpdma_lpc17xx.o
    0x000009b0   0x00000030   Code   RO          161    i.GLCD_ClearScreen  glcd_mcb1700.o
    0x000009e0   0x000000d0   Code   RO          164    i.GLCD_DrawChar     glcd_mcb1700.o
    0x00000ab0   0x0000002c   Code   RO          168    i.GLCD_DrawString   glcd_mcb1700.o
    0x00000adc   0x000005b6   Code   RO          172    i.GLCD_Initialize   glcd_mcb1700.o
    0x00001092   0x00000002   PAD
    0x00001094   0x00000010   Code   RO          174    i.GLCD_SetFont      glcd_mcb1700.o
    0x000010a4   0x000000ac   Code   RO          176    i.GLCD_SetWindow    glcd_mcb1700.o
    0x00001150   0x00000012   Code   RO          179    i.GLCD_WindowMax    glcd_mcb1700.o
    0x00001162   0x00000002   PAD
    0x00001164   0x000000f4   Code   RO         1014    i.GPDMA_ChannelConfigure  gpdma_lpc17xx.o
    0x00001258   0x00000030   Code   RO         1015    i.GPDMA_ChannelDisable  gpdma_lpc17xx.o
    0x00001288   0x00000030   Code   RO         1017    i.GPDMA_ChannelGetCount  gpdma_lpc17xx.o
    0x000012b8   0x000000a8   Code   RO         1019    i.GPDMA_Initialize  gpdma_lpc17xx.o
    0x00001360   0x00000044   Code   RO         1020    i.GPDMA_PeripheralSelect  gpdma_lpc17xx.o
    0x000013a4   0x00000080   Code   RO         1021    i.GPDMA_Uninitialize  gpdma_lpc17xx.o
    0x00001424   0x00000020   Code   RO         1102    i.GPIO_PinRead      gpio_lpc17xx.o
    0x00001444   0x00000028   Code   RO         1103    i.GPIO_PinWrite     gpio_lpc17xx.o
    0x0000146c   0x0000002c   Code   RO         1104    i.GPIO_PortClock    gpio_lpc17xx.o
    0x00001498   0x00000038   Code   RO         1107    i.GPIO_SetDir       gpio_lpc17xx.o
    0x000014d0   0x00000040   Code   RO          426    i.GetI2CClockFreq   i2c_lpc17xx.o
    0x00001510   0x00000044   Code   RO          619    i.GetSSPClockFreq   ssp_lpc17xx.o
    0x00001554   0x00000044   Code   RO          797    i.GetUsartClockFreq  uart_lpc17xx.o
    0x00001598   0x00000018   Code   RO          427    i.I2C2_Control      i2c_lpc17xx.o
    0x000015b0   0x00000010   Code   RO          428    i.I2C2_GetDataCount  i2c_lpc17xx.o
    0x000015c0   0x00000010   Code   RO          429    i.I2C2_GetStatus    i2c_lpc17xx.o
    0x000015d0   0x00000010   Code   RO          430    i.I2C2_IRQHandler   i2c_lpc17xx.o
    0x000015e0   0x00000014   Code   RO          431    i.I2C2_Initialize   i2c_lpc17xx.o
    0x000015f4   0x00000020   Code   RO          432    i.I2C2_MasterReceive  i2c_lpc17xx.o
    0x00001614   0x00000020   Code   RO          433    i.I2C2_MasterTransmit  i2c_lpc17xx.o
    0x00001634   0x00000014   Code   RO          434    i.I2C2_PowerControl  i2c_lpc17xx.o
    0x00001648   0x00000018   Code   RO          435    i.I2C2_SlaveReceive  i2c_lpc17xx.o
    0x00001660   0x00000018   Code   RO          436    i.I2C2_SlaveTransmit  i2c_lpc17xx.o
    0x00001678   0x00000010   Code   RO          437    i.I2C2_Uninitialize  i2c_lpc17xx.o
    0x00001688   0x0000000c   Code   RO          438    i.I2C_GetCapabilities  i2c_lpc17xx.o
    0x00001694   0x00000010   Code   RO          439    i.I2C_GetVersion    i2c_lpc17xx.o
    0x000016a4   0x0000018c   Code   RO          440    i.I2Cx_Control      i2c_lpc17xx.o
    0x00001830   0x00000008   Code   RO          441    i.I2Cx_GetDataCount  i2c_lpc17xx.o
    0x00001838   0x00000008   Code   RO          442    i.I2Cx_GetStatus    i2c_lpc17xx.o
    0x00001840   0x00000030   Code   RO          443    i.I2Cx_IRQHandler   i2c_lpc17xx.o
    0x00001870   0x0000004e   Code   RO          444    i.I2Cx_Initialize   i2c_lpc17xx.o
    0x000018be   0x000001ce   Code   RO          445    i.I2Cx_MasterHandler  i2c_lpc17xx.o
    0x00001a8c   0x000000ce   Code   RO          446    i.I2Cx_MasterReceive  i2c_lpc17xx.o
    0x00001b5a   0x000000cc   Code   RO          447    i.I2Cx_MasterTransmit  i2c_lpc17xx.o
    0x00001c26   0x00000140   Code   RO          448    i.I2Cx_PowerControl  i2c_lpc17xx.o
    0x00001d66   0x000001d4   Code   RO          449    i.I2Cx_SlaveHandler  i2c_lpc17xx.o
    0x00001f3a   0x00000074   Code   RO          450    i.I2Cx_SlaveReceive  i2c_lpc17xx.o
    0x00001fae   0x00000074   Code   RO          451    i.I2Cx_SlaveTransmit  i2c_lpc17xx.o
    0x00002022   0x00000030   Code   RO          452    i.I2Cx_Uninitialize  i2c_lpc17xx.o
    0x00002052   0x00000002   PAD
    0x00002054   0x0000002c   Code   RO            4    i.Init_I2C          basei2c.o
    0x00002080   0x0000003c   Code   RO            5    i.Init_UART         basei2c.o
    0x000020bc   0x000000a8   Code   RO            6    i.Init_WiFi         basei2c.o
    0x00002164   0x000000fc   Code   RO         1156    i.PIN_Configure     pin_lpc17xx.o
    0x00002260   0x00000020   Code   RO         1157    i.PIN_ConfigureI2C0Pins  pin_lpc17xx.o
    0x00002280   0x00000018   Code   RO          620    i.SSP1_Control      ssp_lpc17xx.o
    0x00002298   0x00000014   Code   RO          621    i.SSP1_GPDMA_Rx_SignalEvent  ssp_lpc17xx.o
    0x000022ac   0x00000014   Code   RO          622    i.SSP1_GPDMA_Tx_SignalEvent  ssp_lpc17xx.o
    0x000022c0   0x00000010   Code   RO          623    i.SSP1_GetDataCount  ssp_lpc17xx.o
    0x000022d0   0x00000010   Code   RO          624    i.SSP1_GetStatus    ssp_lpc17xx.o
    0x000022e0   0x00000010   Code   RO          625    i.SSP1_IRQHandler   ssp_lpc17xx.o
    0x000022f0   0x00000014   Code   RO          626    i.SSP1_Initialize   ssp_lpc17xx.o
    0x00002304   0x00000014   Code   RO          627    i.SSP1_PowerControl  ssp_lpc17xx.o
    0x00002318   0x00000018   Code   RO          628    i.SSP1_Receive      ssp_lpc17xx.o
    0x00002330   0x00000018   Code   RO          629    i.SSP1_Send         ssp_lpc17xx.o
    0x00002348   0x0000001c   Code   RO          630    i.SSP1_Transfer     ssp_lpc17xx.o
    0x00002364   0x00000010   Code   RO          631    i.SSP1_Uninitialize  ssp_lpc17xx.o
    0x00002374   0x0000000c   Code   RO          632    i.SSP_GetCapabilities  ssp_lpc17xx.o
    0x00002380   0x00000010   Code   RO          633    i.SSP_GetVersion    ssp_lpc17xx.o
    0x00002390   0x0000051e   Code   RO          634    i.SSPx_Control      ssp_lpc17xx.o
    0x000028ae   0x00000036   Code   RO          635    i.SSPx_GPDMA_Rx_SignalEvent  ssp_lpc17xx.o
    0x000028e4   0x0000001c   Code   RO          636    i.SSPx_GPDMA_Tx_SignalEvent  ssp_lpc17xx.o
    0x00002900   0x0000002c   Code   RO          637    i.SSPx_GetDataCount  ssp_lpc17xx.o
    0x0000292c   0x0000005a   Code   RO          638    i.SSPx_GetStatus    ssp_lpc17xx.o
    0x00002986   0x00000104   Code   RO          639    i.SSPx_IRQHandler   ssp_lpc17xx.o
    0x00002a8a   0x000000a8   Code   RO          640    i.SSPx_Initialize   ssp_lpc17xx.o
    0x00002b32   0x00000002   PAD
    0x00002b34   0x000001b4   Code   RO          641    i.SSPx_PowerControl  ssp_lpc17xx.o
    0x00002ce8   0x0000015c   Code   RO          642    i.SSPx_Receive      ssp_lpc17xx.o
    0x00002e44   0x00000154   Code   RO          643    i.SSPx_Send         ssp_lpc17xx.o
    0x00002f98   0x00000152   Code   RO          644    i.SSPx_Transfer     ssp_lpc17xx.o
    0x000030ea   0x00000070   Code   RO          645    i.SSPx_Uninitialize  ssp_lpc17xx.o
    0x0000315a   0x00000002   PAD
    0x0000315c   0x00000038   Code   RO         1022    i.Set_Channel_active_flag  gpdma_lpc17xx.o
    0x00003194   0x00000140   Code   RO         1203    i.SystemInit        system_lpc17xx.o
    0x000032d4   0x000000a0   Code   RO            7    i.Thread1           basei2c.o
    0x00003374   0x00000068   Code   RO            8    i.Thread_R          basei2c.o
    0x000033dc   0x00000010   Code   RO          798    i.UART1_IRQHandler  uart_lpc17xx.o
    0x000033ec   0x00000018   Code   RO          799    i.USART1_Control    uart_lpc17xx.o
    0x00003404   0x00000014   Code   RO          800    i.USART1_GPDMA_Rx_Event  uart_lpc17xx.o
    0x00003418   0x00000014   Code   RO          801    i.USART1_GPDMA_Tx_Event  uart_lpc17xx.o
    0x0000342c   0x00000010   Code   RO          802    i.USART1_GetCapabilities  uart_lpc17xx.o
    0x0000343c   0x00000010   Code   RO          803    i.USART1_GetModemStatus  uart_lpc17xx.o
    0x0000344c   0x00000010   Code   RO          804    i.USART1_GetRxCount  uart_lpc17xx.o
    0x0000345c   0x00000010   Code   RO          805    i.USART1_GetStatus  uart_lpc17xx.o
    0x0000346c   0x00000010   Code   RO          806    i.USART1_GetTxCount  uart_lpc17xx.o
    0x0000347c   0x00000014   Code   RO          807    i.USART1_Initialize  uart_lpc17xx.o
    0x00003490   0x00000014   Code   RO          808    i.USART1_PowerControl  uart_lpc17xx.o
    0x000034a4   0x00000018   Code   RO          809    i.USART1_Receive    uart_lpc17xx.o
    0x000034bc   0x00000018   Code   RO          810    i.USART1_Send       uart_lpc17xx.o
    0x000034d4   0x00000014   Code   RO          811    i.USART1_SetModemControl  uart_lpc17xx.o
    0x000034e8   0x0000001c   Code   RO          812    i.USART1_Transfer   uart_lpc17xx.o
    0x00003504   0x00000010   Code   RO          813    i.USART1_Uninitialize  uart_lpc17xx.o
    0x00003514   0x00000670   Code   RO          814    i.USART_Control     uart_lpc17xx.o
    0x00003b84   0x00000086   Code   RO          815    i.USART_GPDMA_Rx_Event  uart_lpc17xx.o
    0x00003c0a   0x0000004a   Code   RO          816    i.USART_GPDMA_Tx_Event  uart_lpc17xx.o
    0x00003c54   0x00000006   Code   RO          817    i.USART_GetCapabilities  uart_lpc17xx.o
    0x00003c5a   0x000000ec   Code   RO          818    i.USART_GetModemStatus  uart_lpc17xx.o
    0x00003d46   0x0000001c   Code   RO          819    i.USART_GetRxCount  uart_lpc17xx.o
    0x00003d62   0x000000bc   Code   RO          820    i.USART_GetStatus   uart_lpc17xx.o
    0x00003e1e   0x0000001c   Code   RO          821    i.USART_GetTxCount  uart_lpc17xx.o
    0x00003e3a   0x0000026c   Code   RO          822    i.USART_IRQHandler  uart_lpc17xx.o
    0x000040a6   0x000000fe   Code   RO          823    i.USART_Initialize  uart_lpc17xx.o
    0x000041a4   0x0000024c   Code   RO          824    i.USART_PowerControl  uart_lpc17xx.o
    0x000043f0   0x00000110   Code   RO          825    i.USART_Receive     uart_lpc17xx.o
    0x00004500   0x00000068   Code   RO          826    i.USART_RxLineIntHandler  uart_lpc17xx.o
    0x00004568   0x0000019c   Code   RO          827    i.USART_Send        uart_lpc17xx.o
    0x00004704   0x00000134   Code   RO          828    i.USART_SetBaudrate  uart_lpc17xx.o
    0x00004838   0x000000a0   Code   RO          829    i.USART_SetModemControl  uart_lpc17xx.o
    0x000048d8   0x0000007a   Code   RO          830    i.USART_Transfer    uart_lpc17xx.o
    0x00004952   0x000000e2   Code   RO          831    i.USART_Uninitialize  uart_lpc17xx.o
    0x00004a34   0x00000010   Code   RO          832    i.USARTx_GetVersion  uart_lpc17xx.o
    0x00004a44   0x0000001c   Code   RO          453    i.__NVIC_ClearPendingIRQ  i2c_lpc17xx.o
    0x00004a60   0x0000001c   Code   RO          646    i.__NVIC_ClearPendingIRQ  ssp_lpc17xx.o
    0x00004a7c   0x0000001c   Code   RO          833    i.__NVIC_ClearPendingIRQ  uart_lpc17xx.o
    0x00004a98   0x0000001c   Code   RO         1023    i.__NVIC_ClearPendingIRQ  gpdma_lpc17xx.o
    0x00004ab4   0x0000003c   Code   RO          454    i.__NVIC_DisableIRQ  i2c_lpc17xx.o
    0x00004af0   0x0000001a   Code   RO          455    i.__NVIC_EnableIRQ  i2c_lpc17xx.o
    0x00004b0a   0x00000046   Code   RO         2329    i._init_box         RTX_CM3.lib(rt_membox.o)
    0x00004b50   0x0000000e   Code   RO         2470    i._is_digit         c_w.l(__printf_wp.o)
    0x00004b5e   0x00000002   PAD
    0x00004b60   0x00000020   Code   RO          367    i._mutex_acquire    rtx_conf_cm.o
    0x00004b80   0x0000001c   Code   RO          369    i._mutex_release    rtx_conf_cm.o
    0x00004b9c   0x00000030   Code   RO         2382    i.dbg_init          RTX_CM3.lib(hal_cm.o)
    0x00004bcc   0x00000020   Code   RO         2383    i.dbg_task_notify   RTX_CM3.lib(hal_cm.o)
    0x00004bec   0x00000010   Code   RO         2384    i.dbg_task_switch   RTX_CM3.lib(hal_cm.o)
    0x00004bfc   0x0000002c   Code   RO          180    i.delay_ms          glcd_mcb1700.o
    0x00004c28   0x00000034   Code   RO            9    i.event_UART        basei2c.o
    0x00004c5c   0x0000002a   Code   RO         1238    i.isrMessageGet     RTX_CM3.lib(rt_cmsis.o)
    0x00004c86   0x0000002c   Code   RO         1239    i.isrMessagePut     RTX_CM3.lib(rt_cmsis.o)
    0x00004cb2   0x00000024   Code   RO         1241    i.isrSignalSet      RTX_CM3.lib(rt_cmsis.o)
    0x00004cd6   0x00000002   PAD
    0x00004cd8   0x00000028   Code   RO         2066    i.isr_evt_set       RTX_CM3.lib(rt_event.o)
    0x00004d00   0x00000056   Code   RO         2184    i.isr_mbx_receive   RTX_CM3.lib(rt_mailbox.o)
    0x00004d56   0x0000000e   Code   RO         2185    i.isr_mbx_send      RTX_CM3.lib(rt_mailbox.o)
    0x00004d64   0x0000007c   Code   RO           10    i.main              basei2c.o
    0x00004de0   0x00000018   Code   RO         1242    i.osDelay           RTX_CM3.lib(rt_cmsis.o)
    0x00004df8   0x00000024   Code   RO         1243    i.osKernelInitialize  RTX_CM3.lib(rt_cmsis.o)
    0x00004e1c   0x0000006c   Code   RO         1245    i.osKernelStart     RTX_CM3.lib(rt_cmsis.o)
    0x00004e88   0x00000018   Code   RO         1254    i.osMessageGet      RTX_CM3.lib(rt_cmsis.o)
    0x00004ea0   0x00000018   Code   RO         1269    i.osSignalSet       RTX_CM3.lib(rt_cmsis.o)
    0x00004eb8   0x00000018   Code   RO         1270    i.osSignalWait      RTX_CM3.lib(rt_cmsis.o)
    0x00004ed0   0x0000002c   Code   RO         1271    i.osThreadCreate    RTX_CM3.lib(rt_cmsis.o)
    0x00004efc   0x00000018   Code   RO         1272    i.osThreadExit      RTX_CM3.lib(rt_cmsis.o)
    0x00004f14   0x0000000c   Code   RO         1278    i.osTimerCall       RTX_CM3.lib(rt_cmsis.o)
    0x00004f20   0x0000002c   Code   RO         1283    i.osTimerThread     RTX_CM3.lib(rt_cmsis.o)
    0x00004f4c   0x00000022   Code   RO          370    i.os_error          rtx_conf_cm.o
    0x00004f6e   0x00000004   Code   RO          371    i.os_idle_demon     rtx_conf_cm.o
    0x00004f72   0x00000002   PAD
    0x00004f74   0x00000028   Code   RO         1976    i.os_tick_init      RTX_CM3.lib(rt_system.o)
    0x00004f9c   0x00000002   Code   RO         1977    i.os_tick_irqack    RTX_CM3.lib(rt_system.o)
    0x00004f9e   0x00000002   PAD
    0x00004fa0   0x00000044   Code   RO          181    i.rd_dat            glcd_mcb1700.o
    0x00004fe4   0x000000c8   Code   RO          182    i.rd_id_man         glcd_mcb1700.o
    0x000050ac   0x00000010   Code   RO          183    i.rd_reg            glcd_mcb1700.o
    0x000050bc   0x0000001a   Code   RO         2330    i.rt_alloc_box      RTX_CM3.lib(rt_membox.o)
    0x000050d6   0x0000003e   Code   RO         2358    i.rt_alloc_mem      RTX_CM3.lib(rt_memory.o)
    0x00005114   0x00000038   Code   RO         1857    i.rt_block          RTX_CM3.lib(rt_task.o)
    0x0000514c   0x00000048   Code   RO         2307    i.rt_chk_robin      RTX_CM3.lib(rt_robin.o)
    0x00005194   0x00000070   Code   RO         2108    i.rt_dec_dly        RTX_CM3.lib(rt_list.o)
    0x00005204   0x00000044   Code   RO         1858    i.rt_dispatch       RTX_CM3.lib(rt_task.o)
    0x00005248   0x00000006   Code   RO         2274    i.rt_dly_wait       RTX_CM3.lib(rt_time.o)
    0x0000524e   0x00000002   PAD
    0x00005250   0x00000050   Code   RO         2069    i.rt_evt_psh        RTX_CM3.lib(rt_event.o)
    0x000052a0   0x0000005c   Code   RO         2070    i.rt_evt_set        RTX_CM3.lib(rt_event.o)
    0x000052fc   0x0000003c   Code   RO         2071    i.rt_evt_wait       RTX_CM3.lib(rt_event.o)
    0x00005338   0x0000002c   Code   RO         2331    i.rt_free_box       RTX_CM3.lib(rt_membox.o)
    0x00005364   0x00000028   Code   RO         2359    i.rt_free_mem       RTX_CM3.lib(rt_memory.o)
    0x0000538c   0x00000028   Code   RO         2109    i.rt_get_first      RTX_CM3.lib(rt_list.o)
    0x000053b4   0x00000008   Code   RO         1288    i.rt_id2obj         RTX_CM3.lib(rt_cmsis.o)
    0x000053bc   0x00000048   Code   RO         1859    i.rt_init_context   RTX_CM3.lib(rt_task.o)
    0x00005404   0x0000001a   Code   RO         2360    i.rt_init_mem       RTX_CM3.lib(rt_memory.o)
    0x0000541e   0x00000002   PAD
    0x00005420   0x00000018   Code   RO         2308    i.rt_init_robin     RTX_CM3.lib(rt_robin.o)
    0x00005438   0x00000080   Code   RO         2385    i.rt_init_stack     RTX_CM3.lib(hal_cm.o)
    0x000054b8   0x00000008   Code   RO         2186    i.rt_mbx_check      RTX_CM3.lib(rt_mailbox.o)
    0x000054c0   0x0000001a   Code   RO         2187    i.rt_mbx_init       RTX_CM3.lib(rt_mailbox.o)
    0x000054da   0x00000002   PAD
    0x000054dc   0x000000f0   Code   RO         2188    i.rt_mbx_psh        RTX_CM3.lib(rt_mailbox.o)
    0x000055cc   0x000000b4   Code   RO         2190    i.rt_mbx_wait       RTX_CM3.lib(rt_mailbox.o)
    0x00005680   0x00000044   Code   RO         1289    i.rt_ms2tick        RTX_CM3.lib(rt_cmsis.o)
    0x000056c4   0x000000d8   Code   RO         1943    i.rt_mut_release    RTX_CM3.lib(rt_mutex.o)
    0x0000579c   0x00000078   Code   RO         1944    i.rt_mut_wait       RTX_CM3.lib(rt_mutex.o)
    0x00005814   0x0000007c   Code   RO         1980    i.rt_pop_req        RTX_CM3.lib(rt_system.o)
    0x00005890   0x00000020   Code   RO         1981    i.rt_psh_req        RTX_CM3.lib(rt_system.o)
    0x000058b0   0x0000005c   Code   RO         2111    i.rt_psq_enq        RTX_CM3.lib(rt_list.o)
    0x0000590c   0x00000048   Code   RO         2112    i.rt_put_dly        RTX_CM3.lib(rt_list.o)
    0x00005954   0x00000036   Code   RO         2113    i.rt_put_prio       RTX_CM3.lib(rt_list.o)
    0x0000598a   0x00000002   PAD
    0x0000598c   0x00000014   Code   RO         2114    i.rt_put_rdy_first  RTX_CM3.lib(rt_list.o)
    0x000059a0   0x00000034   Code   RO         2115    i.rt_resort_prio    RTX_CM3.lib(rt_list.o)
    0x000059d4   0x00000006   Code   RO         2386    i.rt_ret_val        RTX_CM3.lib(hal_cm.o)
    0x000059da   0x00000008   Code   RO         2387    i.rt_ret_val2       RTX_CM3.lib(hal_cm.o)
    0x000059e2   0x00000028   Code   RO         2116    i.rt_rmv_dly        RTX_CM3.lib(rt_list.o)
    0x00005a0a   0x00000002   PAD
    0x00005a0c   0x00000030   Code   RO         2117    i.rt_rmv_list       RTX_CM3.lib(rt_list.o)
    0x00005a3c   0x00000034   Code   RO         2235    i.rt_sem_psh        RTX_CM3.lib(rt_semaphore.o)
    0x00005a70   0x00000024   Code   RO         1983    i.rt_stk_check      RTX_CM3.lib(rt_system.o)
    0x00005a94   0x00000028   Code   RO         1860    i.rt_switch_req     RTX_CM3.lib(rt_task.o)
    0x00005abc   0x000000cc   Code   RO         1861    i.rt_sys_init       RTX_CM3.lib(rt_task.o)
    0x00005b88   0x00000078   Code   RO         1862    i.rt_sys_start      RTX_CM3.lib(rt_task.o)
    0x00005c00   0x00000040   Code   RO         1985    i.rt_systick        RTX_CM3.lib(rt_system.o)
    0x00005c40   0x00000012   Code   RO         1290    i.rt_tid2ptcb       RTX_CM3.lib(rt_cmsis.o)
    0x00005c52   0x00000002   PAD
    0x00005c54   0x00000034   Code   RO         1291    i.rt_timer_insert   RTX_CM3.lib(rt_cmsis.o)
    0x00005c88   0x00000088   Code   RO         1863    i.rt_tsk_create     RTX_CM3.lib(rt_task.o)
    0x00005d10   0x0000017c   Code   RO         1864    i.rt_tsk_delete     RTX_CM3.lib(rt_task.o)
    0x00005e8c   0x0000007c   Code   RO         1866    i.rt_tsk_prio       RTX_CM3.lib(rt_task.o)
    0x00005f08   0x00000010   Code   RO         1867    i.rt_tsk_self       RTX_CM3.lib(rt_task.o)
    0x00005f18   0x00000034   Code   RO           11    i.sendCommand       basei2c.o
    0x00005f4c   0x0000002c   Code   RO          184    i.spi_tran          glcd_mcb1700.o
    0x00005f78   0x00000088   Code   RO          185    i.spi_tran_man      glcd_mcb1700.o
    0x00006000   0x00000012   Code   RO         1293    i.svcDelay          RTX_CM3.lib(rt_cmsis.o)
    0x00006012   0x00000002   PAD
    0x00006014   0x00000070   Code   RO         1294    i.svcKernelInitialize  RTX_CM3.lib(rt_cmsis.o)
    0x00006084   0x00000048   Code   RO         1296    i.svcKernelStart    RTX_CM3.lib(rt_cmsis.o)
    0x000060cc   0x00000024   Code   RO         1299    i.svcMessageCreate  RTX_CM3.lib(rt_cmsis.o)
    0x000060f0   0x0000003a   Code   RO         1300    i.svcMessageGet     RTX_CM3.lib(rt_cmsis.o)
    0x0000612a   0x00000024   Code   RO         1312    i.svcSignalSet      RTX_CM3.lib(rt_cmsis.o)
    0x0000614e   0x00000002   PAD
    0x00006150   0x00000054   Code   RO         1313    i.svcSignalWait     RTX_CM3.lib(rt_cmsis.o)
    0x000061a4   0x0000006c   Code   RO         1314    i.svcThreadCreate   RTX_CM3.lib(rt_cmsis.o)
    0x00006210   0x0000001c   Code   RO         1315    i.svcThreadGetId    RTX_CM3.lib(rt_cmsis.o)
    0x0000622c   0x00000038   Code   RO         1318    i.svcThreadTerminate  RTX_CM3.lib(rt_cmsis.o)
    0x00006264   0x00000018   Code   RO         1320    i.svcTimerCall      RTX_CM3.lib(rt_cmsis.o)
    0x0000627c   0x0000005c   Code   RO         1329    i.sysTimerTick      RTX_CM3.lib(rt_cmsis.o)
    0x000062d8   0x0000004c   Code   RO          186    i.wr_cmd            glcd_mcb1700.o
    0x00006324   0x00000034   Code   RO          188    i.wr_dat_only       glcd_mcb1700.o
    0x00006358   0x00000018   Code   RO          189    i.wr_dat_start      glcd_mcb1700.o
    0x00006370   0x00000014   Code   RO          190    i.wr_dat_stop       glcd_mcb1700.o
    0x00006384   0x00000090   Code   RO          191    i.wr_reg            glcd_mcb1700.o
    0x00006414   0x0000003c   Code   RO           12    i.write1byte        basei2c.o
    0x00006450   0x00000024   Data   RO           14    .constdata          basei2c.o
    0x00006474   0x000018a0   Data   RO          149    .constdata          glcd_fonts.o
    0x00007d14   0x00000068   Data   RO          373    .constdata          rtx_conf_cm.o
    0x00007d7c   0x00000064   Data   RO          457    .constdata          i2c_lpc17xx.o
    0x00007de0   0x0000007c   Data   RO          648    .constdata          ssp_lpc17xx.o
    0x00007e5c   0x000001d0   Data   RO          835    .constdata          uart_lpc17xx.o
    0x0000802c   0x00000011   Data   RO         2473    .constdata          c_w.l(__printf_flags_wp.o)
    0x0000803d   0x00000003   PAD
    0x00008040   0x00000020   Data   RO         2658    Region$$Table       anon$$obj.o


    Execution Region RW_IRAM1 (Base: 0x10000000, Size: 0x000020e8, Max: 0x00008000, ABSOLUTE)

    Base Addr    Size         Type   Attr      Idx    E Section Name        Object

    0x10000000   0x00000014   Data   RW           15    .data               basei2c.o
    0x10000014   0x00000011   Data   RW          192    .data               glcd_mcb1700.o
    0x10000025   0x00000003   PAD
    0x10000028   0x00000014   Data   RW          374    .data               rtx_conf_cm.o
    0x1000003c   0x00000004   Data   RW          458    .data               i2c_lpc17xx.o
    0x10000040   0x00000010   Data   RW          649    .data               ssp_lpc17xx.o
    0x10000050   0x00000004   Data   RW          836    .data               uart_lpc17xx.o
    0x10000054   0x00000008   Data   RW         1025    .data               gpdma_lpc17xx.o
    0x1000005c   0x00000004   Data   RW         1204    .data               system_lpc17xx.o
    0x10000060   0x00000008   Data   RW         1332    .data               RTX_CM3.lib(rt_cmsis.o)
    0x10000068   0x00000008   Data   RW         1869    .data               RTX_CM3.lib(rt_task.o)
    0x10000070   0x00000008   Data   RW         1988    .data               RTX_CM3.lib(rt_system.o)
    0x10000078   0x00000004   Data   RW         2278    .data               RTX_CM3.lib(rt_time.o)
    0x1000007c   0x00000008   Data   RW         2309    .data               RTX_CM3.lib(rt_robin.o)
    0x10000084   0x00000001   Data   RW         2388    .data               RTX_CM3.lib(hal_cm.o)
    0x10000085   0x00000003   PAD
    0x10000088   0x00000042   Zero   RW           13    .bss                basei2c.o
    0x100000ca   0x00000006   PAD
    0x100000d0   0x00001c30   Zero   RW          372    .bss                rtx_conf_cm.o
    0x10001d00   0x00000024   Zero   RW          456    .bss                i2c_lpc17xx.o
    0x10001d24   0x00000028   Zero   RW          647    .bss                ssp_lpc17xx.o
    0x10001d4c   0x00000034   Zero   RW          834    .bss                uart_lpc17xx.o
    0x10001d80   0x000000a0   Zero   RW         1024    .bss                gpdma_lpc17xx.o
    0x10001e20   0x00000034   Zero   RW         1868    .bss                RTX_CM3.lib(rt_task.o)
    0x10001e54   0x00000030   Zero   RW         2118    .bss                RTX_CM3.lib(rt_list.o)
    0x10001e84   0x00000060   Zero   RW         2446    .bss                c_w.l(libspace.o)
    0x10001ee4   0x00000004   PAD
    0x10001ee8   0x00000000   Zero   RW         1190    HEAP                startup_lpc17xx.o
    0x10001ee8   0x00000200   Zero   RW         1189    STACK               startup_lpc17xx.o


==============================================================================

Image component sizes


      Code (inc. data)   RO Data    RW Data    ZI Data      Debug   Object Name

       824        224         36         20         66      40755   basei2c.o
         0          0       6304          0          0        736   glcd_fonts.o
      2792         98          0         17          0      17446   glcd_mcb1700.o
      1204         94          0          8        160       8062   gpdma_lpc17xx.o
       172         18          0          0          0       2294   gpio_lpc17xx.o
      2924        132        100          4         36      48296   i2c_lpc17xx.o
       284         10          0          0          0       1464   pin_lpc17xx.o
       126         26        104         20       7216       9075   rtx_conf_cm.o
      3896        106        124         16         40      53283   ssp_lpc17xx.o
        64         26        204          0        512       1004   startup_lpc17xx.o
       320         18          0          4          0        811   system_lpc17xx.o
      5832        152        464          4         52      32847   uart_lpc17xx.o

    ----------------------------------------------------------------------
     18450        904       7368         96       8088     216073   Object Totals
         0          0         32          0          0          0   (incl. Generated)
        12          0          0          3          6          0   (incl. Padding)

    ----------------------------------------------------------------------

      Code (inc. data)   RO Data    RW Data    ZI Data      Debug   Library Member Name

       238         24          0          1          0       3312   hal_cm.o
       304         36          0          0          0        768   hal_cm3.o
      1356        160          0          8          0      36170   rt_cmsis.o
       272         18          0          0          0       2650   rt_event.o
       530         34          0          0         48       8253   rt_list.o
       554         10          0          0          0       3949   rt_mailbox.o
       140          0          0          0          0       1925   rt_membox.o
       128          0          0          0          0       2307   rt_memory.o
       336         14          0          0          0       1643   rt_mutex.o
        96         22          0          8          0       1158   rt_robin.o
        52          4          0          0          0        573   rt_semaphore.o
       298         52          0          8          0       6223   rt_system.o
      1216        174          0          8         52       9649   rt_task.o
         6          0          0          4          0        652   rt_time.o
         4          4          0          0          0        208   svc_table.o
         8          0          0          0          0         68   __main.o
       312          4         17          0          0         92   __printf_flags_wp.o
        14          0          0          0          0         68   __printf_wp.o
         0          0          0          0          0          0   __rtentry.o
        20          0          0          0          0          0   __rtentry2.o
         6          0          0          0          0          0   __rtentry4.o
        52          8          0          0          0          0   __scatter.o
        26          0          0          0          0          0   __scatter_copy.o
        28          0          0          0          0          0   __scatter_zi.o
        48          6          0          0          0         96   _printf_char_common.o
         6          0          0          0          0          0   _printf_d.o
       120         16          0          0          0         92   _printf_dec.o
       178          0          0          0          0         88   _printf_intcommon.o
        78          0          0          0          0        108   _printf_pad.o
         0          0          0          0          0          0   _printf_percent.o
         4          0          0          0          0          0   _printf_percent_end.o
        10          0          0          0          0         68   _sputc.o
        18          0          0          0          0         80   exit.o
         6          0          0          0          0        152   heapauxi.o
         0          0          0          0          0          0   indicate_semi.o
         2          0          0          0          0          0   libinit.o
         2          0          0          0          0          0   libinit2.o
         2          0          0          0          0          0   libshutdown.o
         2          0          0          0          0          0   libshutdown2.o
         8          4          0          0         96         68   libspace.o
       238          0          0          0          0        100   lludivv7m.o
        40          6          0          0          0         84   noretval__2sprintf.o
        78          0          0          0          0         80   rt_memclr_w.o
         2          0          0          0          0          0   rtexit.o
        10          0          0          0          0          0   rtexit2.o
        62          0          0          0          0         76   strlen.o
        12          4          0          0          0         68   sys_exit.o
        74          0          0          0          0         80   sys_stackheap_outer.o
         2          0          0          0          0         68   use_no_semi.o

    ----------------------------------------------------------------------
      7026        600         20         40        200      80976   Library Totals
        28          0          3          3          4          0   (incl. Padding)

    ----------------------------------------------------------------------

      Code (inc. data)   RO Data    RW Data    ZI Data      Debug   Library Name

      5530        552          0         37        100      79440   RTX_CM3.lib
      1468         48         17          0         96       1536   c_w.l

    ----------------------------------------------------------------------
      7026        600         20         40        200      80976   Library Totals

    ----------------------------------------------------------------------

==============================================================================


      Code (inc. data)   RO Data    RW Data    ZI Data      Debug   

     25476       1504       7388        136       8288     284981   Grand Totals
     25476       1504       7388        136       8288     284981   ELF Image Totals
     25476       1504       7388        136          0          0   ROM Totals

==============================================================================

    Total RO  Size (Code + RO Data)                32864 (  32.09kB)
    Total RW  Size (RW Data + ZI Data)              8424 (   8.23kB)
    Total ROM Size (Code + RO Data + RW Data)      33000 (  32.23kB)

==============================================================================

